warning: Git tree '/home/kacper/Projects/BlitzRemesher-neural' is dirty
{
  "complete": true,
  "rows": [
    {
      "batch": 1,
      "states": 16,
      "invalid": 157,
      "hash": "8346006a6eaa7912eba2db3a79f402e8f778adf70eedf36fd87b5294abc39929",
      "episode": "946a66869ab9dd6d777ef21ee6acf72a940aa660e17ae34710d57113f1a20c45",
      "seconds": 0.66450157
    },
    {
      "batch": 4,
      "states": 16,
      "invalid": 157,
      "hash": "8346006a6eaa7912eba2db3a79f402e8f778adf70eedf36fd87b5294abc39929",
      "episode": "946a66869ab9dd6d777ef21ee6acf72a940aa660e17ae34710d57113f1a20c45",
      "seconds": 0.514634738
    },
    {
      "batch": 8,
      "states": 16,
      "invalid": 157,
      "hash": "8346006a6eaa7912eba2db3a79f402e8f778adf70eedf36fd87b5294abc39929",
      "episode": "946a66869ab9dd6d777ef21ee6acf72a940aa660e17ae34710d57113f1a20c45",
      "seconds": 0.492629637
    }
  ]
}
