warning: Git tree '/home/kacper/Projects/BlitzRemesher-neural' is dirty
========= COMPUTE-SANITIZER
========= Program hit cudaErrorMemoryAllocation (error 2) due to "out of memory" on CUDA API call to cudaMalloc.
=========     Saved host backtrace up to driver entry point at error
=========         Host Frame: blitz::neural::gpu::Device::acquire(unsigned long) [0x150c4c] in blitz
=========         Host Frame: blitz::neural::(anonymous namespace)::ImageOf<blitz::neural::AuditPixel> blitz::neural::(anonymous namespace)::render<blitz::neural::AuditPixel, 32>(blitz::neural::gpu::Device&, blitz::neural::DeviceMeshView, blitz::Bounds const&, blitz::Camera const&, double, unsigned char, bool, blitz::neural::(anonymous namespace)::Summary*, blitz::neural::(anonymous namespace)::ImageOf<blitz::neural::AuditPixel> const*, double, double, blitz::neural::(anonymous namespace)::PositionInput) [0x171898] in blitz
=========         Host Frame: blitz::neural::(anonymous namespace)::measure(blitz::neural::gpu::Device&, blitz::neural::DeviceMeshView, blitz::neural::DeviceMeshView, blitz::Bounds const&, blitz::Camera const&, blitz::EvalSettings const&, unsigned char, blitz::neural::(anonymous namespace)::RasterMemo&, blitz::neural::(anonymous namespace)::RasterMemo&, blitz::neural::(anonymous namespace)::RasterMemo&, unsigned int, blitz::NeuralStats*)::{lambda(blitz::neural::DeviceMeshView, blitz::neural::(anonymous namespace)::RasterMemo&, std::optional<blitz::neural::(anonymous namespace)::ImageOf<blitz::neural::AuditPixel> >&, bool)#1}::operator()(blitz::neural::DeviceMeshView, blitz::neural::(anonymous namespace)::RasterMemo&, std::optional<blitz::neural::(anonymous namespace)::ImageOf<blitz::neural::AuditPixel> >&, bool) const [0x154e54] in blitz
=========         Host Frame: blitz::neural::(anonymous namespace)::measure(blitz::neural::gpu::Device&, blitz::neural::DeviceMeshView, blitz::neural::DeviceMeshView, blitz::Bounds const&, blitz::Camera const&, blitz::EvalSettings const&, unsigned char, blitz::neural::(anonymous namespace)::RasterMemo&, blitz::neural::(anonymous namespace)::RasterMemo&, blitz::neural::(anonymous namespace)::RasterMemo&, unsigned int, blitz::NeuralStats*) [0x1554f4] in blitz
=========         Host Frame: blitz::neural::AuditCuda::evaluate(blitz::MeshView, blitz::MeshView, blitz::Bounds const&, blitz::EvalSettings const&, blitz::NeuralStats*) [0x157457] in blitz
=========         Host Frame: std::_Function_handler<blitz::Measurement (blitz::MeshView, blitz::MeshView, blitz::Bounds const&, blitz::EvalSettings const&), blitz::generate_neural(blitz::MeshView, blitz::Settings const&, blitz::NeuralModel const&, blitz::NeuralStats*)::{lambda(blitz::MeshView, blitz::MeshView, blitz::Bounds const&, blitz::EvalSettings const&)#1}>::_M_invoke(std::_Any_data const&, blitz::MeshView&&, blitz::MeshView&&, blitz::Bounds const&, blitz::EvalSettings const&) [0x13eb8a] in blitz
=========         Host Frame: blitz::detail::generate_with_hooks(blitz::MeshView, blitz::Settings const&, std::function<blitz::Lod (blitz::MeshView, blitz::ReduceSettings const&)> const&, blitz::detail::GenerationHooks const*)::{lambda(blitz::Lod, std::shared_ptr<blitz::(anonymous namespace)::Node> const&)#1}::operator()(blitz::Lod, std::shared_ptr<blitz::(anonymous namespace)::Node> const&) const [0x12ab00] in blitz
=========         Host Frame: blitz::detail::generate_with_hooks(blitz::MeshView, blitz::Settings const&, std::function<blitz::Lod (blitz::MeshView, blitz::ReduceSettings const&)> const&, blitz::detail::GenerationHooks const*) [0x1325ec] in blitz
=========         Host Frame: blitz::generate_neural(blitz::MeshView, blitz::Settings const&, blitz::NeuralModel const&, blitz::NeuralStats*) [0x143f93] in blitz
=========         Host Frame: benchmark_main(int, char**) [0x72281] in blitz
=========         Host Frame: main [0x2fe6d] in blitz
=========
========= Program hit cudaErrorMemoryAllocation (error 2) due to "out of memory" on CUDA API call to cudaGetLastError.
=========     Saved host backtrace up to driver entry point at error
=========         Host Frame: blitz::neural::(anonymous namespace)::ImageOf<blitz::neural::AuditPixel> blitz::neural::(anonymous namespace)::render<blitz::neural::AuditPixel, 32>(blitz::neural::gpu::Device&, blitz::neural::DeviceMeshView, blitz::Bounds const&, blitz::Camera const&, double, unsigned char, bool, blitz::neural::(anonymous namespace)::Summary*, blitz::neural::(anonymous namespace)::ImageOf<blitz::neural::AuditPixel> const*, double, double, blitz::neural::(anonymous namespace)::PositionInput) [0x171c85] in blitz
=========         Host Frame: blitz::neural::(anonymous namespace)::measure(blitz::neural::gpu::Device&, blitz::neural::DeviceMeshView, blitz::neural::DeviceMeshView, blitz::Bounds const&, blitz::Camera const&, blitz::EvalSettings const&, unsigned char, blitz::neural::(anonymous namespace)::RasterMemo&, blitz::neural::(anonymous namespace)::RasterMemo&, blitz::neural::(anonymous namespace)::RasterMemo&, unsigned int, blitz::NeuralStats*)::{lambda(blitz::neural::DeviceMeshView, blitz::neural::(anonymous namespace)::RasterMemo&, std::optional<blitz::neural::(anonymous namespace)::ImageOf<blitz::neural::AuditPixel> >&, bool)#1}::operator()(blitz::neural::DeviceMeshView, blitz::neural::(anonymous namespace)::RasterMemo&, std::optional<blitz::neural::(anonymous namespace)::ImageOf<blitz::neural::AuditPixel> >&, bool) const [0x154e54] in blitz
=========         Host Frame: blitz::neural::(anonymous namespace)::measure(blitz::neural::gpu::Device&, blitz::neural::DeviceMeshView, blitz::neural::DeviceMeshView, blitz::Bounds const&, blitz::Camera const&, blitz::EvalSettings const&, unsigned char, blitz::neural::(anonymous namespace)::RasterMemo&, blitz::neural::(anonymous namespace)::RasterMemo&, blitz::neural::(anonymous namespace)::RasterMemo&, unsigned int, blitz::NeuralStats*) [0x1554f4] in blitz
=========         Host Frame: blitz::neural::AuditCuda::evaluate(blitz::MeshView, blitz::MeshView, blitz::Bounds const&, blitz::EvalSettings const&, blitz::NeuralStats*) [0x157457] in blitz
=========         Host Frame: std::_Function_handler<blitz::Measurement (blitz::MeshView, blitz::MeshView, blitz::Bounds const&, blitz::EvalSettings const&), blitz::generate_neural(blitz::MeshView, blitz::Settings const&, blitz::NeuralModel const&, blitz::NeuralStats*)::{lambda(blitz::MeshView, blitz::MeshView, blitz::Bounds const&, blitz::EvalSettings const&)#1}>::_M_invoke(std::_Any_data const&, blitz::MeshView&&, blitz::MeshView&&, blitz::Bounds const&, blitz::EvalSettings const&) [0x13eb8a] in blitz
=========         Host Frame: blitz::detail::generate_with_hooks(blitz::MeshView, blitz::Settings const&, std::function<blitz::Lod (blitz::MeshView, blitz::ReduceSettings const&)> const&, blitz::detail::GenerationHooks const*)::{lambda(blitz::Lod, std::shared_ptr<blitz::(anonymous namespace)::Node> const&)#1}::operator()(blitz::Lod, std::shared_ptr<blitz::(anonymous namespace)::Node> const&) const [0x12ab00] in blitz
=========         Host Frame: blitz::detail::generate_with_hooks(blitz::MeshView, blitz::Settings const&, std::function<blitz::Lod (blitz::MeshView, blitz::ReduceSettings const&)> const&, blitz::detail::GenerationHooks const*) [0x1325ec] in blitz
=========         Host Frame: blitz::generate_neural(blitz::MeshView, blitz::Settings const&, blitz::NeuralModel const&, blitz::NeuralStats*) [0x143f93] in blitz
=========         Host Frame: benchmark_main(int, char**) [0x72281] in blitz
=========         Host Frame: main [0x2fe6d] in blitz
=========
========= Program hit cudaErrorMemoryAllocation (error 2) due to "out of memory" on CUDA API call to cudaMalloc.
=========     Saved host backtrace up to driver entry point at error
=========         Host Frame: blitz::neural::gpu::Device::acquire(unsigned long) [0x150c4c] in blitz
=========         Host Frame: blitz::neural::(anonymous namespace)::measure(blitz::neural::gpu::Device&, blitz::neural::DeviceMeshView, blitz::neural::DeviceMeshView, blitz::Bounds const&, blitz::Camera const&, blitz::EvalSettings const&, unsigned char, blitz::neural::(anonymous namespace)::RasterMemo&, blitz::neural::(anonymous namespace)::RasterMemo&, blitz::neural::(anonymous namespace)::RasterMemo&, unsigned int, blitz::NeuralStats*) [0x15557a] in blitz
=========         Host Frame: blitz::neural::AuditCuda::Impl::run(blitz::neural::DeviceMeshView, blitz::neural::DeviceMeshView, blitz::Bounds const&, blitz::EvalSettings const&, blitz::neural::(anonymous namespace)::RasterMemo&, blitz::NeuralStats*, unsigned int&, unsigned char&, double, bool*)::{lambda()#1}::operator()() const [0x1725ba] in blitz
=========         Host Frame: blitz::neural::AuditCuda::evaluate(blitz::MeshView, blitz::MeshView, blitz::Bounds const&, blitz::EvalSettings const&, blitz::NeuralStats*) [clone .cold] [0x2c332] in blitz
=========         Host Frame: std::_Function_handler<blitz::Measurement (blitz::MeshView, blitz::MeshView, blitz::Bounds const&, blitz::EvalSettings const&), blitz::generate_neural(blitz::MeshView, blitz::Settings const&, blitz::NeuralModel const&, blitz::NeuralStats*)::{lambda(blitz::MeshView, blitz::MeshView, blitz::Bounds const&, blitz::EvalSettings const&)#1}>::_M_invoke(std::_Any_data const&, blitz::MeshView&&, blitz::MeshView&&, blitz::Bounds const&, blitz::EvalSettings const&) [0x13eb8a] in blitz
=========         Host Frame: blitz::detail::generate_with_hooks(blitz::MeshView, blitz::Settings const&, std::function<blitz::Lod (blitz::MeshView, blitz::ReduceSettings const&)> const&, blitz::detail::GenerationHooks const*)::{lambda(blitz::Lod, std::shared_ptr<blitz::(anonymous namespace)::Node> const&)#1}::operator()(blitz::Lod, std::shared_ptr<blitz::(anonymous namespace)::Node> const&) const [0x12ab00] in blitz
=========         Host Frame: blitz::detail::generate_with_hooks(blitz::MeshView, blitz::Settings const&, std::function<blitz::Lod (blitz::MeshView, blitz::ReduceSettings const&)> const&, blitz::detail::GenerationHooks const*) [0x1325ec] in blitz
=========         Host Frame: blitz::generate_neural(blitz::MeshView, blitz::Settings const&, blitz::NeuralModel const&, blitz::NeuralStats*) [0x143f93] in blitz
=========         Host Frame: benchmark_main(int, char**) [0x72281] in blitz
=========         Host Frame: main [0x2fe6d] in blitz
=========
========= Program hit cudaErrorMemoryAllocation (error 2) due to "out of memory" on CUDA API call to cudaGetLastError.
=========     Saved host backtrace up to driver entry point at error
=========         Host Frame: blitz::neural::(anonymous namespace)::measure(blitz::neural::gpu::Device&, blitz::neural::DeviceMeshView, blitz::neural::DeviceMeshView, blitz::Bounds const&, blitz::Camera const&, blitz::EvalSettings const&, unsigned char, blitz::neural::(anonymous namespace)::RasterMemo&, blitz::neural::(anonymous namespace)::RasterMemo&, blitz::neural::(anonymous namespace)::RasterMemo&, unsigned int, blitz::NeuralStats*) [0x15569a] in blitz
=========         Host Frame: blitz::neural::AuditCuda::Impl::run(blitz::neural::DeviceMeshView, blitz::neural::DeviceMeshView, blitz::Bounds const&, blitz::EvalSettings const&, blitz::neural::(anonymous namespace)::RasterMemo&, blitz::NeuralStats*, unsigned int&, unsigned char&, double, bool*)::{lambda()#1}::operator()() const [0x1725ba] in blitz
=========         Host Frame: blitz::neural::AuditCuda::evaluate(blitz::MeshView, blitz::MeshView, blitz::Bounds const&, blitz::EvalSettings const&, blitz::NeuralStats*) [clone .cold] [0x2c332] in blitz
=========         Host Frame: std::_Function_handler<blitz::Measurement (blitz::MeshView, blitz::MeshView, blitz::Bounds const&, blitz::EvalSettings const&), blitz::generate_neural(blitz::MeshView, blitz::Settings const&, blitz::NeuralModel const&, blitz::NeuralStats*)::{lambda(blitz::MeshView, blitz::MeshView, blitz::Bounds const&, blitz::EvalSettings const&)#1}>::_M_invoke(std::_Any_data const&, blitz::MeshView&&, blitz::MeshView&&, blitz::Bounds const&, blitz::EvalSettings const&) [0x13eb8a] in blitz
=========         Host Frame: blitz::detail::generate_with_hooks(blitz::MeshView, blitz::Settings const&, std::function<blitz::Lod (blitz::MeshView, blitz::ReduceSettings const&)> const&, blitz::detail::GenerationHooks const*)::{lambda(blitz::Lod, std::shared_ptr<blitz::(anonymous namespace)::Node> const&)#1}::operator()(blitz::Lod, std::shared_ptr<blitz::(anonymous namespace)::Node> const&) const [0x12ab00] in blitz
=========         Host Frame: blitz::detail::generate_with_hooks(blitz::MeshView, blitz::Settings const&, std::function<blitz::Lod (blitz::MeshView, blitz::ReduceSettings const&)> const&, blitz::detail::GenerationHooks const*) [0x1325ec] in blitz
=========         Host Frame: blitz::generate_neural(blitz::MeshView, blitz::Settings const&, blitz::NeuralModel const&, blitz::NeuralStats*) [0x143f93] in blitz
=========         Host Frame: benchmark_main(int, char**) [0x72281] in blitz
=========         Host Frame: main [0x2fe6d] in blitz
=========
========= Program hit cudaErrorMemoryAllocation (error 2) due to "out of memory" on CUDA API call to cudaMalloc.
=========     Saved host backtrace up to driver entry point at error
=========         Host Frame: blitz::neural::gpu::Device::acquire(unsigned long) [0x150c4c] in blitz
=========         Host Frame: blitz::neural::(anonymous namespace)::ImageOf<blitz::neural::AuditPixel> blitz::neural::(anonymous namespace)::render<blitz::neural::AuditPixel, 32>(blitz::neural::gpu::Device&, blitz::neural::DeviceMeshView, blitz::Bounds const&, blitz::Camera const&, double, unsigned char, bool, blitz::neural::(anonymous namespace)::Summary*, blitz::neural::(anonymous namespace)::ImageOf<blitz::neural::AuditPixel> const*, double, double, blitz::neural::(anonymous namespace)::PositionInput) [0x171898] in blitz
=========         Host Frame: blitz::neural::(anonymous namespace)::measure(blitz::neural::gpu::Device&, blitz::neural::DeviceMeshView, blitz::neural::DeviceMeshView, blitz::Bounds const&, blitz::Camera const&, blitz::EvalSettings const&, unsigned char, blitz::neural::(anonymous namespace)::RasterMemo&, blitz::neural::(anonymous namespace)::RasterMemo&, blitz::neural::(anonymous namespace)::RasterMemo&, unsigned int, blitz::NeuralStats*)::{lambda(blitz::neural::DeviceMeshView, blitz::neural::(anonymous namespace)::RasterMemo&, std::optional<blitz::neural::(anonymous namespace)::ImageOf<blitz::neural::AuditPixel> >&, bool)#1}::operator()(blitz::neural::DeviceMeshView, blitz::neural::(anonymous namespace)::RasterMemo&, std::optional<blitz::neural::(anonymous namespace)::ImageOf<blitz::neural::AuditPixel> >&, bool) const [0x154e54] in blitz
=========         Host Frame: blitz::neural::(anonymous namespace)::measure(blitz::neural::gpu::Device&, blitz::neural::DeviceMeshView, blitz::neural::DeviceMeshView, blitz::Bounds const&, blitz::Camera const&, blitz::EvalSettings const&, unsigned char, blitz::neural::(anonymous namespace)::RasterMemo&, blitz::neural::(anonymous namespace)::RasterMemo&, blitz::neural::(anonymous namespace)::RasterMemo&, unsigned int, blitz::NeuralStats*) [0x15546c] in blitz
=========         Host Frame: blitz::neural::AuditCuda::evaluate(blitz::MeshView, blitz::neural::DeviceMeshView, blitz::Bounds const&, blitz::EvalSettings const&, blitz::NeuralStats*, double, bool*) [0x159c51] in blitz
=========         Host Frame: std::_Function_handler<bool (blitz::neural::DeviceMeshView), blitz::generate_neural(blitz::MeshView, blitz::Settings const&, blitz::NeuralModel const&, blitz::NeuralStats*)::{lambda(blitz::MeshView, blitz::MeshView, blitz::MeshView, blitz::Bounds const&, blitz::ReduceSettings const&, blitz::EvalSettings const&, blitz::EvalSettings const&)#1}::operator()(blitz::MeshView, blitz::MeshView, blitz::MeshView, blitz::Bounds const&, blitz::ReduceSettings const&, blitz::EvalSettings const&, blitz::EvalSettings const&) const::{lambda(blitz::neural::DeviceMeshView)#1}>::_M_invoke(std::_Any_data const&, blitz::neural::DeviceMeshView&&) [0x13f333] in blitz
=========         Host Frame: blitz::neural::GpuActionState::execute(std::array<float, 8ul> const&, unsigned long, unsigned int, blitz::neural::ActionCuda*, blitz::NeuralRanking, unsigned int, unsigned char, std::function<bool (blitz::neural::DeviceMeshView)> const&, blitz::neural::ActionStats*, std::function<bool ()> const&) [0x181476] in blitz
=========         Host Frame: blitz::generate_neural(blitz::MeshView, blitz::Settings const&, blitz::NeuralModel const&, blitz::NeuralStats*)::{lambda(blitz::MeshView, blitz::MeshView, blitz::MeshView, blitz::Bounds const&, blitz::ReduceSettings const&, blitz::EvalSettings const&, blitz::EvalSettings const&)#1}::operator()(blitz::MeshView, blitz::MeshView, blitz::MeshView, blitz::Bounds const&, blitz::ReduceSettings const&, blitz::EvalSettings const&, blitz::EvalSettings const&) const [0x13fb75] in blitz
=========         Host Frame: std::_Function_handler<blitz::Lod (blitz::MeshView, blitz::MeshView, blitz::MeshView, blitz::Bounds const&, blitz::ReduceSettings const&, blitz::EvalSettings const&, blitz::EvalSettings const&), blitz::generate_neural(blitz::MeshView, blitz::Settings const&, blitz::NeuralModel const&, blitz::NeuralStats*)::{lambda(blitz::MeshView, blitz::MeshView, blitz::MeshView, blitz::Bounds const&, blitz::ReduceSettings const&, blitz::EvalSettings const&, blitz::EvalSettings const&)#1}>::_M_invoke(std::_Any_data const&, blitz::MeshView&&, blitz::MeshView&&, blitz::MeshView&&, blitz::Bounds const&, blitz::ReduceSettings const&, blitz::EvalSettings const&, blitz::EvalSettings const&) [0x14048b] in blitz
=========         Host Frame: blitz::detail::generate_with_hooks(blitz::MeshView, blitz::Settings const&, std::function<blitz::Lod (blitz::MeshView, blitz::ReduceSettings const&)> const&, blitz::detail::GenerationHooks const*) [0x1310b0] in blitz
=========         Host Frame: blitz::generate_neural(blitz::MeshView, blitz::Settings const&, blitz::NeuralModel const&, blitz::NeuralStats*) [0x143f93] in blitz
=========         Host Frame: benchmark_main(int, char**) [0x72281] in blitz
=========         Host Frame: main [0x2fe6d] in blitz
=========
========= Program hit cudaErrorMemoryAllocation (error 2) due to "out of memory" on CUDA API call to cudaGetLastError.
=========     Saved host backtrace up to driver entry point at error
=========         Host Frame: blitz::neural::(anonymous namespace)::ImageOf<blitz::neural::AuditPixel> blitz::neural::(anonymous namespace)::render<blitz::neural::AuditPixel, 32>(blitz::neural::gpu::Device&, blitz::neural::DeviceMeshView, blitz::Bounds const&, blitz::Camera const&, double, unsigned char, bool, blitz::neural::(anonymous namespace)::Summary*, blitz::neural::(anonymous namespace)::ImageOf<blitz::neural::AuditPixel> const*, double, double, blitz::neural::(anonymous namespace)::PositionInput) [0x171c85] in blitz
=========         Host Frame: blitz::neural::(anonymous namespace)::measure(blitz::neural::gpu::Device&, blitz::neural::DeviceMeshView, blitz::neural::DeviceMeshView, blitz::Bounds const&, blitz::Camera const&, blitz::EvalSettings const&, unsigned char, blitz::neural::(anonymous namespace)::RasterMemo&, blitz::neural::(anonymous namespace)::RasterMemo&, blitz::neural::(anonymous namespace)::RasterMemo&, unsigned int, blitz::NeuralStats*)::{lambda(blitz::neural::DeviceMeshView, blitz::neural::(anonymous namespace)::RasterMemo&, std::optional<blitz::neural::(anonymous namespace)::ImageOf<blitz::neural::AuditPixel> >&, bool)#1}::operator()(blitz::neural::DeviceMeshView, blitz::neural::(anonymous namespace)::RasterMemo&, std::optional<blitz::neural::(anonymous namespace)::ImageOf<blitz::neural::AuditPixel> >&, bool) const [0x154e54] in blitz
=========         Host Frame: blitz::neural::(anonymous namespace)::measure(blitz::neural::gpu::Device&, blitz::neural::DeviceMeshView, blitz::neural::DeviceMeshView, blitz::Bounds const&, blitz::Camera const&, blitz::EvalSettings const&, unsigned char, blitz::neural::(anonymous namespace)::RasterMemo&, blitz::neural::(anonymous namespace)::RasterMemo&, blitz::neural::(anonymous namespace)::RasterMemo&, unsigned int, blitz::NeuralStats*) [0x15546c] in blitz
=========         Host Frame: blitz::neural::AuditCuda::evaluate(blitz::MeshView, blitz::neural::DeviceMeshView, blitz::Bounds const&, blitz::EvalSettings const&, blitz::NeuralStats*, double, bool*) [0x159c51] in blitz
=========         Host Frame: std::_Function_handler<bool (blitz::neural::DeviceMeshView), blitz::generate_neural(blitz::MeshView, blitz::Settings const&, blitz::NeuralModel const&, blitz::NeuralStats*)::{lambda(blitz::MeshView, blitz::MeshView, blitz::MeshView, blitz::Bounds const&, blitz::ReduceSettings const&, blitz::EvalSettings const&, blitz::EvalSettings const&)#1}::operator()(blitz::MeshView, blitz::MeshView, blitz::MeshView, blitz::Bounds const&, blitz::ReduceSettings const&, blitz::EvalSettings const&, blitz::EvalSettings const&) const::{lambda(blitz::neural::DeviceMeshView)#1}>::_M_invoke(std::_Any_data const&, blitz::neural::DeviceMeshView&&) [0x13f333] in blitz
=========         Host Frame: blitz::neural::GpuActionState::execute(std::array<float, 8ul> const&, unsigned long, unsigned int, blitz::neural::ActionCuda*, blitz::NeuralRanking, unsigned int, unsigned char, std::function<bool (blitz::neural::DeviceMeshView)> const&, blitz::neural::ActionStats*, std::function<bool ()> const&) [0x181476] in blitz
=========         Host Frame: blitz::generate_neural(blitz::MeshView, blitz::Settings const&, blitz::NeuralModel const&, blitz::NeuralStats*)::{lambda(blitz::MeshView, blitz::MeshView, blitz::MeshView, blitz::Bounds const&, blitz::ReduceSettings const&, blitz::EvalSettings const&, blitz::EvalSettings const&)#1}::operator()(blitz::MeshView, blitz::MeshView, blitz::MeshView, blitz::Bounds const&, blitz::ReduceSettings const&, blitz::EvalSettings const&, blitz::EvalSettings const&) const [0x13fb75] in blitz
=========         Host Frame: std::_Function_handler<blitz::Lod (blitz::MeshView, blitz::MeshView, blitz::MeshView, blitz::Bounds const&, blitz::ReduceSettings const&, blitz::EvalSettings const&, blitz::EvalSettings const&), blitz::generate_neural(blitz::MeshView, blitz::Settings const&, blitz::NeuralModel const&, blitz::NeuralStats*)::{lambda(blitz::MeshView, blitz::MeshView, blitz::MeshView, blitz::Bounds const&, blitz::ReduceSettings const&, blitz::EvalSettings const&, blitz::EvalSettings const&)#1}>::_M_invoke(std::_Any_data const&, blitz::MeshView&&, blitz::MeshView&&, blitz::MeshView&&, blitz::Bounds const&, blitz::ReduceSettings const&, blitz::EvalSettings const&, blitz::EvalSettings const&) [0x14048b] in blitz
=========         Host Frame: blitz::detail::generate_with_hooks(blitz::MeshView, blitz::Settings const&, std::function<blitz::Lod (blitz::MeshView, blitz::ReduceSettings const&)> const&, blitz::detail::GenerationHooks const*) [0x1310b0] in blitz
=========         Host Frame: blitz::generate_neural(blitz::MeshView, blitz::Settings const&, blitz::NeuralModel const&, blitz::NeuralStats*) [0x143f93] in blitz
=========         Host Frame: benchmark_main(int, char**) [0x72281] in blitz
=========         Host Frame: main [0x2fe6d] in blitz
=========
========= Program hit cudaErrorMemoryAllocation (error 2) due to "out of memory" on CUDA API call to cudaMalloc.
=========     Saved host backtrace up to driver entry point at error
=========         Host Frame: blitz::neural::gpu::Device::acquire(unsigned long) [0x150c4c] in blitz
=========         Host Frame: blitz::neural::(anonymous namespace)::ImageOf<blitz::neural::AuditPixel> blitz::neural::(anonymous namespace)::render<blitz::neural::AuditPixel, 32>(blitz::neural::gpu::Device&, blitz::neural::DeviceMeshView, blitz::Bounds const&, blitz::Camera const&, double, unsigned char, bool, blitz::neural::(anonymous namespace)::Summary*, blitz::neural::(anonymous namespace)::ImageOf<blitz::neural::AuditPixel> const*, double, double, blitz::neural::(anonymous namespace)::PositionInput) [0x171898] in blitz
=========         Host Frame: blitz::neural::(anonymous namespace)::measure(blitz::neural::gpu::Device&, blitz::neural::DeviceMeshView, blitz::neural::DeviceMeshView, blitz::Bounds const&, blitz::Camera const&, blitz::EvalSettings const&, unsigned char, blitz::neural::(anonymous namespace)::RasterMemo&, blitz::neural::(anonymous namespace)::RasterMemo&, blitz::neural::(anonymous namespace)::RasterMemo&, unsigned int, blitz::NeuralStats*)::{lambda(blitz::neural::DeviceMeshView, blitz::neural::(anonymous namespace)::RasterMemo&, std::optional<blitz::neural::(anonymous namespace)::ImageOf<blitz::neural::AuditPixel> >&, bool)#1}::operator()(blitz::neural::DeviceMeshView, blitz::neural::(anonymous namespace)::RasterMemo&, std::optional<blitz::neural::(anonymous namespace)::ImageOf<blitz::neural::AuditPixel> >&, bool) const [0x15519d] in blitz
=========         Host Frame: blitz::neural::(anonymous namespace)::measure(blitz::neural::gpu::Device&, blitz::neural::DeviceMeshView, blitz::neural::DeviceMeshView, blitz::Bounds const&, blitz::Camera const&, blitz::EvalSettings const&, unsigned char, blitz::neural::(anonymous namespace)::RasterMemo&, blitz::neural::(anonymous namespace)::RasterMemo&, blitz::neural::(anonymous namespace)::RasterMemo&, unsigned int, blitz::NeuralStats*) [0x1554f4] in blitz
=========         Host Frame: blitz::neural::AuditCuda::Impl::run(blitz::neural::DeviceMeshView, blitz::neural::DeviceMeshView, blitz::Bounds const&, blitz::EvalSettings const&, blitz::neural::(anonymous namespace)::RasterMemo&, blitz::NeuralStats*, unsigned int&, unsigned char&, double, bool*)::{lambda()#1}::operator()() const [0x1725ba] in blitz
=========         Host Frame: blitz::neural::AuditCuda::evaluate(blitz::MeshView, blitz::neural::DeviceMeshView, blitz::Bounds const&, blitz::EvalSettings const&, blitz::NeuralStats*, double, bool*) [clone .cold] [0x2cd14] in blitz
=========         Host Frame: std::_Function_handler<bool (blitz::neural::DeviceMeshView), blitz::generate_neural(blitz::MeshView, blitz::Settings const&, blitz::NeuralModel const&, blitz::NeuralStats*)::{lambda(blitz::MeshView, blitz::MeshView, blitz::MeshView, blitz::Bounds const&, blitz::ReduceSettings const&, blitz::EvalSettings const&, blitz::EvalSettings const&)#1}::operator()(blitz::MeshView, blitz::MeshView, blitz::MeshView, blitz::Bounds const&, blitz::ReduceSettings const&, blitz::EvalSettings const&, blitz::EvalSettings const&) const::{lambda(blitz::neural::DeviceMeshView)#1}>::_M_invoke(std::_Any_data const&, blitz::neural::DeviceMeshView&&) [0x13f333] in blitz
=========         Host Frame: blitz::neural::GpuActionState::execute(std::array<float, 8ul> const&, unsigned long, unsigned int, blitz::neural::ActionCuda*, blitz::NeuralRanking, unsigned int, unsigned char, std::function<bool (blitz::neural::DeviceMeshView)> const&, blitz::neural::ActionStats*, std::function<bool ()> const&) [0x181476] in blitz
=========         Host Frame: blitz::generate_neural(blitz::MeshView, blitz::Settings const&, blitz::NeuralModel const&, blitz::NeuralStats*)::{lambda(blitz::MeshView, blitz::MeshView, blitz::MeshView, blitz::Bounds const&, blitz::ReduceSettings const&, blitz::EvalSettings const&, blitz::EvalSettings const&)#1}::operator()(blitz::MeshView, blitz::MeshView, blitz::MeshView, blitz::Bounds const&, blitz::ReduceSettings const&, blitz::EvalSettings const&, blitz::EvalSettings const&) const [0x13fb75] in blitz
=========         Host Frame: std::_Function_handler<blitz::Lod (blitz::MeshView, blitz::MeshView, blitz::MeshView, blitz::Bounds const&, blitz::ReduceSettings const&, blitz::EvalSettings const&, blitz::EvalSettings const&), blitz::generate_neural(blitz::MeshView, blitz::Settings const&, blitz::NeuralModel const&, blitz::NeuralStats*)::{lambda(blitz::MeshView, blitz::MeshView, blitz::MeshView, blitz::Bounds const&, blitz::ReduceSettings const&, blitz::EvalSettings const&, blitz::EvalSettings const&)#1}>::_M_invoke(std::_Any_data const&, blitz::MeshView&&, blitz::MeshView&&, blitz::MeshView&&, blitz::Bounds const&, blitz::ReduceSettings const&, blitz::EvalSettings const&, blitz::EvalSettings const&) [0x14048b] in blitz
=========         Host Frame: blitz::detail::generate_with_hooks(blitz::MeshView, blitz::Settings const&, std::function<blitz::Lod (blitz::MeshView, blitz::ReduceSettings const&)> const&, blitz::detail::GenerationHooks const*) [0x1310b0] in blitz
=========         Host Frame: blitz::generate_neural(blitz::MeshView, blitz::Settings const&, blitz::NeuralModel const&, blitz::NeuralStats*) [0x143f93] in blitz
=========         Host Frame: benchmark_main(int, char**) [0x72281] in blitz
=========         Host Frame: main [0x2fe6d] in blitz
=========
========= Program hit cudaErrorMemoryAllocation (error 2) due to "out of memory" on CUDA API call to cudaGetLastError.
=========     Saved host backtrace up to driver entry point at error
=========         Host Frame: blitz::neural::(anonymous namespace)::ImageOf<blitz::neural::AuditPixel> blitz::neural::(anonymous namespace)::render<blitz::neural::AuditPixel, 32>(blitz::neural::gpu::Device&, blitz::neural::DeviceMeshView, blitz::Bounds const&, blitz::Camera const&, double, unsigned char, bool, blitz::neural::(anonymous namespace)::Summary*, blitz::neural::(anonymous namespace)::ImageOf<blitz::neural::AuditPixel> const*, double, double, blitz::neural::(anonymous namespace)::PositionInput) [0x171c85] in blitz
=========         Host Frame: blitz::neural::(anonymous namespace)::measure(blitz::neural::gpu::Device&, blitz::neural::DeviceMeshView, blitz::neural::DeviceMeshView, blitz::Bounds const&, blitz::Camera const&, blitz::EvalSettings const&, unsigned char, blitz::neural::(anonymous namespace)::RasterMemo&, blitz::neural::(anonymous namespace)::RasterMemo&, blitz::neural::(anonymous namespace)::RasterMemo&, unsigned int, blitz::NeuralStats*)::{lambda(blitz::neural::DeviceMeshView, blitz::neural::(anonymous namespace)::RasterMemo&, std::optional<blitz::neural::(anonymous namespace)::ImageOf<blitz::neural::AuditPixel> >&, bool)#1}::operator()(blitz::neural::DeviceMeshView, blitz::neural::(anonymous namespace)::RasterMemo&, std::optional<blitz::neural::(anonymous namespace)::ImageOf<blitz::neural::AuditPixel> >&, bool) const [0x15519d] in blitz
=========         Host Frame: blitz::neural::(anonymous namespace)::measure(blitz::neural::gpu::Device&, blitz::neural::DeviceMeshView, blitz::neural::DeviceMeshView, blitz::Bounds const&, blitz::Camera const&, blitz::EvalSettings const&, unsigned char, blitz::neural::(anonymous namespace)::RasterMemo&, blitz::neural::(anonymous namespace)::RasterMemo&, blitz::neural::(anonymous namespace)::RasterMemo&, unsigned int, blitz::NeuralStats*) [0x1554f4] in blitz
=========         Host Frame: blitz::neural::AuditCuda::Impl::run(blitz::neural::DeviceMeshView, blitz::neural::DeviceMeshView, blitz::Bounds const&, blitz::EvalSettings const&, blitz::neural::(anonymous namespace)::RasterMemo&, blitz::NeuralStats*, unsigned int&, unsigned char&, double, bool*)::{lambda()#1}::operator()() const [0x1725ba] in blitz
=========         Host Frame: blitz::neural::AuditCuda::evaluate(blitz::MeshView, blitz::neural::DeviceMeshView, blitz::Bounds const&, blitz::EvalSettings const&, blitz::NeuralStats*, double, bool*) [clone .cold] [0x2cd14] in blitz
=========         Host Frame: std::_Function_handler<bool (blitz::neural::DeviceMeshView), blitz::generate_neural(blitz::MeshView, blitz::Settings const&, blitz::NeuralModel const&, blitz::NeuralStats*)::{lambda(blitz::MeshView, blitz::MeshView, blitz::MeshView, blitz::Bounds const&, blitz::ReduceSettings const&, blitz::EvalSettings const&, blitz::EvalSettings const&)#1}::operator()(blitz::MeshView, blitz::MeshView, blitz::MeshView, blitz::Bounds const&, blitz::ReduceSettings const&, blitz::EvalSettings const&, blitz::EvalSettings const&) const::{lambda(blitz::neural::DeviceMeshView)#1}>::_M_invoke(std::_Any_data const&, blitz::neural::DeviceMeshView&&) [0x13f333] in blitz
=========         Host Frame: blitz::neural::GpuActionState::execute(std::array<float, 8ul> const&, unsigned long, unsigned int, blitz::neural::ActionCuda*, blitz::NeuralRanking, unsigned int, unsigned char, std::function<bool (blitz::neural::DeviceMeshView)> const&, blitz::neural::ActionStats*, std::function<bool ()> const&) [0x181476] in blitz
=========         Host Frame: blitz::generate_neural(blitz::MeshView, blitz::Settings const&, blitz::NeuralModel const&, blitz::NeuralStats*)::{lambda(blitz::MeshView, blitz::MeshView, blitz::MeshView, blitz::Bounds const&, blitz::ReduceSettings const&, blitz::EvalSettings const&, blitz::EvalSettings const&)#1}::operator()(blitz::MeshView, blitz::MeshView, blitz::MeshView, blitz::Bounds const&, blitz::ReduceSettings const&, blitz::EvalSettings const&, blitz::EvalSettings const&) const [0x13fb75] in blitz
=========         Host Frame: std::_Function_handler<blitz::Lod (blitz::MeshView, blitz::MeshView, blitz::MeshView, blitz::Bounds const&, blitz::ReduceSettings const&, blitz::EvalSettings const&, blitz::EvalSettings const&), blitz::generate_neural(blitz::MeshView, blitz::Settings const&, blitz::NeuralModel const&, blitz::NeuralStats*)::{lambda(blitz::MeshView, blitz::MeshView, blitz::MeshView, blitz::Bounds const&, blitz::ReduceSettings const&, blitz::EvalSettings const&, blitz::EvalSettings const&)#1}>::_M_invoke(std::_Any_data const&, blitz::MeshView&&, blitz::MeshView&&, blitz::MeshView&&, blitz::Bounds const&, blitz::ReduceSettings const&, blitz::EvalSettings const&, blitz::EvalSettings const&) [0x14048b] in blitz
=========         Host Frame: blitz::detail::generate_with_hooks(blitz::MeshView, blitz::Settings const&, std::function<blitz::Lod (blitz::MeshView, blitz::ReduceSettings const&)> const&, blitz::detail::GenerationHooks const*) [0x1310b0] in blitz
=========         Host Frame: blitz::generate_neural(blitz::MeshView, blitz::Settings const&, blitz::NeuralModel const&, blitz::NeuralStats*) [0x143f93] in blitz
=========         Host Frame: benchmark_main(int, char**) [0x72281] in blitz
=========         Host Frame: main [0x2fe6d] in blitz
=========
========= Program hit cudaErrorMemoryAllocation (error 2) due to "out of memory" on CUDA API call to cudaMalloc.
=========     Saved host backtrace up to driver entry point at error
=========         Host Frame: blitz::neural::gpu::Device::acquire(unsigned long) [0x150c4c] in blitz
=========         Host Frame: blitz::neural::(anonymous namespace)::measure(blitz::neural::gpu::Device&, blitz::neural::DeviceMeshView, blitz::neural::DeviceMeshView, blitz::Bounds const&, blitz::Camera const&, blitz::EvalSettings const&, unsigned char, blitz::neural::(anonymous namespace)::RasterMemo&, blitz::neural::(anonymous namespace)::RasterMemo&, blitz::neural::(anonymous namespace)::RasterMemo&, unsigned int, blitz::NeuralStats*) [0x155564] in blitz
=========         Host Frame: blitz::neural::AuditCuda::Impl::run(blitz::neural::DeviceMeshView, blitz::neural::DeviceMeshView, blitz::Bounds const&, blitz::EvalSettings const&, blitz::neural::(anonymous namespace)::RasterMemo&, blitz::NeuralStats*, unsigned int&, unsigned char&, double, bool*)::{lambda()#1}::operator()() const [0x1725ba] in blitz
=========         Host Frame: blitz::neural::AuditCuda::evaluate(blitz::MeshView, blitz::neural::DeviceMeshView, blitz::Bounds const&, blitz::EvalSettings const&, blitz::NeuralStats*, double, bool*) [clone .cold] [0x2cd14] in blitz
=========         Host Frame: std::_Function_handler<bool (blitz::neural::DeviceMeshView), blitz::generate_neural(blitz::MeshView, blitz::Settings const&, blitz::NeuralModel const&, blitz::NeuralStats*)::{lambda(blitz::MeshView, blitz::MeshView, blitz::MeshView, blitz::Bounds const&, blitz::ReduceSettings const&, blitz::EvalSettings const&, blitz::EvalSettings const&)#1}::operator()(blitz::MeshView, blitz::MeshView, blitz::MeshView, blitz::Bounds const&, blitz::ReduceSettings const&, blitz::EvalSettings const&, blitz::EvalSettings const&) const::{lambda(blitz::neural::DeviceMeshView)#1}>::_M_invoke(std::_Any_data const&, blitz::neural::DeviceMeshView&&) [0x13f333] in blitz
=========         Host Frame: blitz::neural::GpuActionState::execute(std::array<float, 8ul> const&, unsigned long, unsigned int, blitz::neural::ActionCuda*, blitz::NeuralRanking, unsigned int, unsigned char, std::function<bool (blitz::neural::DeviceMeshView)> const&, blitz::neural::ActionStats*, std::function<bool ()> const&) [0x181476] in blitz
=========         Host Frame: blitz::generate_neural(blitz::MeshView, blitz::Settings const&, blitz::NeuralModel const&, blitz::NeuralStats*)::{lambda(blitz::MeshView, blitz::MeshView, blitz::MeshView, blitz::Bounds const&, blitz::ReduceSettings const&, blitz::EvalSettings const&, blitz::EvalSettings const&)#1}::operator()(blitz::MeshView, blitz::MeshView, blitz::MeshView, blitz::Bounds const&, blitz::ReduceSettings const&, blitz::EvalSettings const&, blitz::EvalSettings const&) const [0x13fb75] in blitz
=========         Host Frame: std::_Function_handler<blitz::Lod (blitz::MeshView, blitz::MeshView, blitz::MeshView, blitz::Bounds const&, blitz::ReduceSettings const&, blitz::EvalSettings const&, blitz::EvalSettings const&), blitz::generate_neural(blitz::MeshView, blitz::Settings const&, blitz::NeuralModel const&, blitz::NeuralStats*)::{lambda(blitz::MeshView, blitz::MeshView, blitz::MeshView, blitz::Bounds const&, blitz::ReduceSettings const&, blitz::EvalSettings const&, blitz::EvalSettings const&)#1}>::_M_invoke(std::_Any_data const&, blitz::MeshView&&, blitz::MeshView&&, blitz::MeshView&&, blitz::Bounds const&, blitz::ReduceSettings const&, blitz::EvalSettings const&, blitz::EvalSettings const&) [0x14048b] in blitz
=========         Host Frame: blitz::detail::generate_with_hooks(blitz::MeshView, blitz::Settings const&, std::function<blitz::Lod (blitz::MeshView, blitz::ReduceSettings const&)> const&, blitz::detail::GenerationHooks const*) [0x1310b0] in blitz
=========         Host Frame: blitz::generate_neural(blitz::MeshView, blitz::Settings const&, blitz::NeuralModel const&, blitz::NeuralStats*) [0x143f93] in blitz
=========         Host Frame: benchmark_main(int, char**) [0x72281] in blitz
=========         Host Frame: main [0x2fe6d] in blitz
=========
========= Program hit cudaErrorMemoryAllocation (error 2) due to "out of memory" on CUDA API call to cudaGetLastError.
=========     Saved host backtrace up to driver entry point at error
=========         Host Frame: blitz::neural::(anonymous namespace)::measure(blitz::neural::gpu::Device&, blitz::neural::DeviceMeshView, blitz::neural::DeviceMeshView, blitz::Bounds const&, blitz::Camera const&, blitz::EvalSettings const&, unsigned char, blitz::neural::(anonymous namespace)::RasterMemo&, blitz::neural::(anonymous namespace)::RasterMemo&, blitz::neural::(anonymous namespace)::RasterMemo&, unsigned int, blitz::NeuralStats*) [0x15569a] in blitz
=========         Host Frame: blitz::neural::AuditCuda::Impl::run(blitz::neural::DeviceMeshView, blitz::neural::DeviceMeshView, blitz::Bounds const&, blitz::EvalSettings const&, blitz::neural::(anonymous namespace)::RasterMemo&, blitz::NeuralStats*, unsigned int&, unsigned char&, double, bool*)::{lambda()#1}::operator()() const [0x1725ba] in blitz
=========         Host Frame: blitz::neural::AuditCuda::evaluate(blitz::MeshView, blitz::neural::DeviceMeshView, blitz::Bounds const&, blitz::EvalSettings const&, blitz::NeuralStats*, double, bool*) [clone .cold] [0x2cd14] in blitz
=========         Host Frame: std::_Function_handler<bool (blitz::neural::DeviceMeshView), blitz::generate_neural(blitz::MeshView, blitz::Settings const&, blitz::NeuralModel const&, blitz::NeuralStats*)::{lambda(blitz::MeshView, blitz::MeshView, blitz::MeshView, blitz::Bounds const&, blitz::ReduceSettings const&, blitz::EvalSettings const&, blitz::EvalSettings const&)#1}::operator()(blitz::MeshView, blitz::MeshView, blitz::MeshView, blitz::Bounds const&, blitz::ReduceSettings const&, blitz::EvalSettings const&, blitz::EvalSettings const&) const::{lambda(blitz::neural::DeviceMeshView)#1}>::_M_invoke(std::_Any_data const&, blitz::neural::DeviceMeshView&&) [0x13f333] in blitz
=========         Host Frame: blitz::neural::GpuActionState::execute(std::array<float, 8ul> const&, unsigned long, unsigned int, blitz::neural::ActionCuda*, blitz::NeuralRanking, unsigned int, unsigned char, std::function<bool (blitz::neural::DeviceMeshView)> const&, blitz::neural::ActionStats*, std::function<bool ()> const&) [0x181476] in blitz
=========         Host Frame: blitz::generate_neural(blitz::MeshView, blitz::Settings const&, blitz::NeuralModel const&, blitz::NeuralStats*)::{lambda(blitz::MeshView, blitz::MeshView, blitz::MeshView, blitz::Bounds const&, blitz::ReduceSettings const&, blitz::EvalSettings const&, blitz::EvalSettings const&)#1}::operator()(blitz::MeshView, blitz::MeshView, blitz::MeshView, blitz::Bounds const&, blitz::ReduceSettings const&, blitz::EvalSettings const&, blitz::EvalSettings const&) const [0x13fb75] in blitz
=========         Host Frame: std::_Function_handler<blitz::Lod (blitz::MeshView, blitz::MeshView, blitz::MeshView, blitz::Bounds const&, blitz::ReduceSettings const&, blitz::EvalSettings const&, blitz::EvalSettings const&), blitz::generate_neural(blitz::MeshView, blitz::Settings const&, blitz::NeuralModel const&, blitz::NeuralStats*)::{lambda(blitz::MeshView, blitz::MeshView, blitz::MeshView, blitz::Bounds const&, blitz::ReduceSettings const&, blitz::EvalSettings const&, blitz::EvalSettings const&)#1}>::_M_invoke(std::_Any_data const&, blitz::MeshView&&, blitz::MeshView&&, blitz::MeshView&&, blitz::Bounds const&, blitz::ReduceSettings const&, blitz::EvalSettings const&, blitz::EvalSettings const&) [0x14048b] in blitz
=========         Host Frame: blitz::detail::generate_with_hooks(blitz::MeshView, blitz::Settings const&, std::function<blitz::Lod (blitz::MeshView, blitz::ReduceSettings const&)> const&, blitz::detail::GenerationHooks const*) [0x1310b0] in blitz
=========         Host Frame: blitz::generate_neural(blitz::MeshView, blitz::Settings const&, blitz::NeuralModel const&, blitz::NeuralStats*) [0x143f93] in blitz
=========         Host Frame: benchmark_main(int, char**) [0x72281] in blitz
=========         Host Frame: main [0x2fe6d] in blitz
=========
========= Program hit cudaErrorMemoryAllocation (error 2) due to "out of memory" on CUDA API call to cudaMalloc.
=========     Saved host backtrace up to driver entry point at error
=========         Host Frame: blitz::neural::gpu::Device::acquire(unsigned long) [0x150c4c] in blitz
=========         Host Frame: blitz::neural::(anonymous namespace)::ImageOf<blitz::neural::AuditPixel> blitz::neural::(anonymous namespace)::render<blitz::neural::AuditPixel, 32>(blitz::neural::gpu::Device&, blitz::neural::DeviceMeshView, blitz::Bounds const&, blitz::Camera const&, double, unsigned char, bool, blitz::neural::(anonymous namespace)::Summary*, blitz::neural::(anonymous namespace)::ImageOf<blitz::neural::AuditPixel> const*, double, double, blitz::neural::(anonymous namespace)::PositionInput) [0x171898] in blitz
=========         Host Frame: blitz::neural::(anonymous namespace)::measure(blitz::neural::gpu::Device&, blitz::neural::DeviceMeshView, blitz::neural::DeviceMeshView, blitz::Bounds const&, blitz::Camera const&, blitz::EvalSettings const&, unsigned char, blitz::neural::(anonymous namespace)::RasterMemo&, blitz::neural::(anonymous namespace)::RasterMemo&, blitz::neural::(anonymous namespace)::RasterMemo&, unsigned int, blitz::NeuralStats*)::{lambda(blitz::neural::DeviceMeshView, blitz::neural::(anonymous namespace)::RasterMemo&, std::optional<blitz::neural::(anonymous namespace)::ImageOf<blitz::neural::AuditPixel> >&, bool)#1}::operator()(blitz::neural::DeviceMeshView, blitz::neural::(anonymous namespace)::RasterMemo&, std::optional<blitz::neural::(anonymous namespace)::ImageOf<blitz::neural::AuditPixel> >&, bool) const [0x154e54] in blitz
=========         Host Frame: blitz::neural::(anonymous namespace)::measure(blitz::neural::gpu::Device&, blitz::neural::DeviceMeshView, blitz::neural::DeviceMeshView, blitz::Bounds const&, blitz::Camera const&, blitz::EvalSettings const&, unsigned char, blitz::neural::(anonymous namespace)::RasterMemo&, blitz::neural::(anonymous namespace)::RasterMemo&, blitz::neural::(anonymous namespace)::RasterMemo&, unsigned int, blitz::NeuralStats*) [0x1554f4] in blitz
=========         Host Frame: blitz::neural::AuditCuda::evaluate(blitz::MeshView, blitz::neural::DeviceMeshView, blitz::Bounds const&, blitz::EvalSettings const&, blitz::NeuralStats*, double, bool*) [0x159c51] in blitz
=========         Host Frame: std::_Function_handler<bool (blitz::neural::DeviceMeshView), blitz::generate_neural(blitz::MeshView, blitz::Settings const&, blitz::NeuralModel const&, blitz::NeuralStats*)::{lambda(blitz::MeshView, blitz::MeshView, blitz::MeshView, blitz::Bounds const&, blitz::ReduceSettings const&, blitz::EvalSettings const&, blitz::EvalSettings const&)#1}::operator()(blitz::MeshView, blitz::MeshView, blitz::MeshView, blitz::Bounds const&, blitz::ReduceSettings const&, blitz::EvalSettings const&, blitz::EvalSettings const&) const::{lambda(blitz::neural::DeviceMeshView)#1}>::_M_invoke(std::_Any_data const&, blitz::neural::DeviceMeshView&&) [0x13f333] in blitz
=========         Host Frame: blitz::neural::GpuActionState::execute(std::array<float, 8ul> const&, unsigned long, unsigned int, blitz::neural::ActionCuda*, blitz::NeuralRanking, unsigned int, unsigned char, std::function<bool (blitz::neural::DeviceMeshView)> const&, blitz::neural::ActionStats*, std::function<bool ()> const&) [0x181476] in blitz
=========         Host Frame: blitz::generate_neural(blitz::MeshView, blitz::Settings const&, blitz::NeuralModel const&, blitz::NeuralStats*)::{lambda(blitz::MeshView, blitz::MeshView, blitz::MeshView, blitz::Bounds const&, blitz::ReduceSettings const&, blitz::EvalSettings const&, blitz::EvalSettings const&)#1}::operator()(blitz::MeshView, blitz::MeshView, blitz::MeshView, blitz::Bounds const&, blitz::ReduceSettings const&, blitz::EvalSettings const&, blitz::EvalSettings const&) const [0x13fb75] in blitz
=========         Host Frame: std::_Function_handler<blitz::Lod (blitz::MeshView, blitz::MeshView, blitz::MeshView, blitz::Bounds const&, blitz::ReduceSettings const&, blitz::EvalSettings const&, blitz::EvalSettings const&), blitz::generate_neural(blitz::MeshView, blitz::Settings const&, blitz::NeuralModel const&, blitz::NeuralStats*)::{lambda(blitz::MeshView, blitz::MeshView, blitz::MeshView, blitz::Bounds const&, blitz::ReduceSettings const&, blitz::EvalSettings const&, blitz::EvalSettings const&)#1}>::_M_invoke(std::_Any_data const&, blitz::MeshView&&, blitz::MeshView&&, blitz::MeshView&&, blitz::Bounds const&, blitz::ReduceSettings const&, blitz::EvalSettings const&, blitz::EvalSettings const&) [0x14048b] in blitz
=========         Host Frame: blitz::detail::generate_with_hooks(blitz::MeshView, blitz::Settings const&, std::function<blitz::Lod (blitz::MeshView, blitz::ReduceSettings const&)> const&, blitz::detail::GenerationHooks const*) [0x1310b0] in blitz
=========         Host Frame: blitz::generate_neural(blitz::MeshView, blitz::Settings const&, blitz::NeuralModel const&, blitz::NeuralStats*) [0x143f93] in blitz
=========         Host Frame: benchmark_main(int, char**) [0x72281] in blitz
=========         Host Frame: main [0x2fe6d] in blitz
=========
========= Program hit cudaErrorMemoryAllocation (error 2) due to "out of memory" on CUDA API call to cudaGetLastError.
=========     Saved host backtrace up to driver entry point at error
=========         Host Frame: blitz::neural::(anonymous namespace)::ImageOf<blitz::neural::AuditPixel> blitz::neural::(anonymous namespace)::render<blitz::neural::AuditPixel, 32>(blitz::neural::gpu::Device&, blitz::neural::DeviceMeshView, blitz::Bounds const&, blitz::Camera const&, double, unsigned char, bool, blitz::neural::(anonymous namespace)::Summary*, blitz::neural::(anonymous namespace)::ImageOf<blitz::neural::AuditPixel> const*, double, double, blitz::neural::(anonymous namespace)::PositionInput) [0x171994] in blitz
=========         Host Frame: blitz::neural::(anonymous namespace)::measure(blitz::neural::gpu::Device&, blitz::neural::DeviceMeshView, blitz::neural::DeviceMeshView, blitz::Bounds const&, blitz::Camera const&, blitz::EvalSettings const&, unsigned char, blitz::neural::(anonymous namespace)::RasterMemo&, blitz::neural::(anonymous namespace)::RasterMemo&, blitz::neural::(anonymous namespace)::RasterMemo&, unsigned int, blitz::NeuralStats*)::{lambda(blitz::neural::DeviceMeshView, blitz::neural::(anonymous namespace)::RasterMemo&, std::optional<blitz::neural::(anonymous namespace)::ImageOf<blitz::neural::AuditPixel> >&, bool)#1}::operator()(blitz::neural::DeviceMeshView, blitz::neural::(anonymous namespace)::RasterMemo&, std::optional<blitz::neural::(anonymous namespace)::ImageOf<blitz::neural::AuditPixel> >&, bool) const [0x154e54] in blitz
=========         Host Frame: blitz::neural::(anonymous namespace)::measure(blitz::neural::gpu::Device&, blitz::neural::DeviceMeshView, blitz::neural::DeviceMeshView, blitz::Bounds const&, blitz::Camera const&, blitz::EvalSettings const&, unsigned char, blitz::neural::(anonymous namespace)::RasterMemo&, blitz::neural::(anonymous namespace)::RasterMemo&, blitz::neural::(anonymous namespace)::RasterMemo&, unsigned int, blitz::NeuralStats*) [0x1554f4] in blitz
=========         Host Frame: blitz::neural::AuditCuda::evaluate(blitz::MeshView, blitz::neural::DeviceMeshView, blitz::Bounds const&, blitz::EvalSettings const&, blitz::NeuralStats*, double, bool*) [0x159c51] in blitz
=========         Host Frame: std::_Function_handler<bool (blitz::neural::DeviceMeshView), blitz::generate_neural(blitz::MeshView, blitz::Settings const&, blitz::NeuralModel const&, blitz::NeuralStats*)::{lambda(blitz::MeshView, blitz::MeshView, blitz::MeshView, blitz::Bounds const&, blitz::ReduceSettings const&, blitz::EvalSettings const&, blitz::EvalSettings const&)#1}::operator()(blitz::MeshView, blitz::MeshView, blitz::MeshView, blitz::Bounds const&, blitz::ReduceSettings const&, blitz::EvalSettings const&, blitz::EvalSettings const&) const::{lambda(blitz::neural::DeviceMeshView)#1}>::_M_invoke(std::_Any_data const&, blitz::neural::DeviceMeshView&&) [0x13f333] in blitz
=========         Host Frame: blitz::neural::GpuActionState::execute(std::array<float, 8ul> const&, unsigned long, unsigned int, blitz::neural::ActionCuda*, blitz::NeuralRanking, unsigned int, unsigned char, std::function<bool (blitz::neural::DeviceMeshView)> const&, blitz::neural::ActionStats*, std::function<bool ()> const&) [0x181476] in blitz
=========         Host Frame: blitz::generate_neural(blitz::MeshView, blitz::Settings const&, blitz::NeuralModel const&, blitz::NeuralStats*)::{lambda(blitz::MeshView, blitz::MeshView, blitz::MeshView, blitz::Bounds const&, blitz::ReduceSettings const&, blitz::EvalSettings const&, blitz::EvalSettings const&)#1}::operator()(blitz::MeshView, blitz::MeshView, blitz::MeshView, blitz::Bounds const&, blitz::ReduceSettings const&, blitz::EvalSettings const&, blitz::EvalSettings const&) const [0x13fb75] in blitz
=========         Host Frame: std::_Function_handler<blitz::Lod (blitz::MeshView, blitz::MeshView, blitz::MeshView, blitz::Bounds const&, blitz::ReduceSettings const&, blitz::EvalSettings const&, blitz::EvalSettings const&), blitz::generate_neural(blitz::MeshView, blitz::Settings const&, blitz::NeuralModel const&, blitz::NeuralStats*)::{lambda(blitz::MeshView, blitz::MeshView, blitz::MeshView, blitz::Bounds const&, blitz::ReduceSettings const&, blitz::EvalSettings const&, blitz::EvalSettings const&)#1}>::_M_invoke(std::_Any_data const&, blitz::MeshView&&, blitz::MeshView&&, blitz::MeshView&&, blitz::Bounds const&, blitz::ReduceSettings const&, blitz::EvalSettings const&, blitz::EvalSettings const&) [0x14048b] in blitz
=========         Host Frame: blitz::detail::generate_with_hooks(blitz::MeshView, blitz::Settings const&, std::function<blitz::Lod (blitz::MeshView, blitz::ReduceSettings const&)> const&, blitz::detail::GenerationHooks const*) [0x1310b0] in blitz
=========         Host Frame: blitz::generate_neural(blitz::MeshView, blitz::Settings const&, blitz::NeuralModel const&, blitz::NeuralStats*) [0x143f93] in blitz
=========         Host Frame: benchmark_main(int, char**) [0x72281] in blitz
=========         Host Frame: main [0x2fe6d] in blitz
=========
========= Program hit cudaErrorMemoryAllocation (error 2) due to "out of memory" on CUDA API call to cudaMalloc.
=========     Saved host backtrace up to driver entry point at error
=========         Host Frame: blitz::neural::gpu::Device::acquire(unsigned long) [0x150c4c] in blitz
=========         Host Frame: blitz::neural::(anonymous namespace)::measure(blitz::neural::gpu::Device&, blitz::neural::DeviceMeshView, blitz::neural::DeviceMeshView, blitz::Bounds const&, blitz::Camera const&, blitz::EvalSettings const&, unsigned char, blitz::neural::(anonymous namespace)::RasterMemo&, blitz::neural::(anonymous namespace)::RasterMemo&, blitz::neural::(anonymous namespace)::RasterMemo&, unsigned int, blitz::NeuralStats*) [0x155540] in blitz
=========         Host Frame: blitz::neural::AuditCuda::Impl::run(blitz::neural::DeviceMeshView, blitz::neural::DeviceMeshView, blitz::Bounds const&, blitz::EvalSettings const&, blitz::neural::(anonymous namespace)::RasterMemo&, blitz::NeuralStats*, unsigned int&, unsigned char&, double, bool*)::{lambda()#1}::operator()() const [0x1725ba] in blitz
=========         Host Frame: blitz::neural::AuditCuda::evaluate(blitz::MeshView, blitz::neural::DeviceMeshView, blitz::Bounds const&, blitz::EvalSettings const&, blitz::NeuralStats*, double, bool*) [clone .cold] [0x2cd14] in blitz
=========         Host Frame: std::_Function_handler<bool (blitz::neural::DeviceMeshView), blitz::generate_neural(blitz::MeshView, blitz::Settings const&, blitz::NeuralModel const&, blitz::NeuralStats*)::{lambda(blitz::MeshView, blitz::MeshView, blitz::MeshView, blitz::Bounds const&, blitz::ReduceSettings const&, blitz::EvalSettings const&, blitz::EvalSettings const&)#1}::operator()(blitz::MeshView, blitz::MeshView, blitz::MeshView, blitz::Bounds const&, blitz::ReduceSettings const&, blitz::EvalSettings const&, blitz::EvalSettings const&) const::{lambda(blitz::neural::DeviceMeshView)#1}>::_M_invoke(std::_Any_data const&, blitz::neural::DeviceMeshView&&) [0x13f333] in blitz
=========         Host Frame: blitz::neural::GpuActionState::execute(std::array<float, 8ul> const&, unsigned long, unsigned int, blitz::neural::ActionCuda*, blitz::NeuralRanking, unsigned int, unsigned char, std::function<bool (blitz::neural::DeviceMeshView)> const&, blitz::neural::ActionStats*, std::function<bool ()> const&) [0x181476] in blitz
=========         Host Frame: blitz::generate_neural(blitz::MeshView, blitz::Settings const&, blitz::NeuralModel const&, blitz::NeuralStats*)::{lambda(blitz::MeshView, blitz::MeshView, blitz::MeshView, blitz::Bounds const&, blitz::ReduceSettings const&, blitz::EvalSettings const&, blitz::EvalSettings const&)#1}::operator()(blitz::MeshView, blitz::MeshView, blitz::MeshView, blitz::Bounds const&, blitz::ReduceSettings const&, blitz::EvalSettings const&, blitz::EvalSettings const&) const [0x13fb75] in blitz
=========         Host Frame: std::_Function_handler<blitz::Lod (blitz::MeshView, blitz::MeshView, blitz::MeshView, blitz::Bounds const&, blitz::ReduceSettings const&, blitz::EvalSettings const&, blitz::EvalSettings const&), blitz::generate_neural(blitz::MeshView, blitz::Settings const&, blitz::NeuralModel const&, blitz::NeuralStats*)::{lambda(blitz::MeshView, blitz::MeshView, blitz::MeshView, blitz::Bounds const&, blitz::ReduceSettings const&, blitz::EvalSettings const&, blitz::EvalSettings const&)#1}>::_M_invoke(std::_Any_data const&, blitz::MeshView&&, blitz::MeshView&&, blitz::MeshView&&, blitz::Bounds const&, blitz::ReduceSettings const&, blitz::EvalSettings const&, blitz::EvalSettings const&) [0x14048b] in blitz
=========         Host Frame: blitz::detail::generate_with_hooks(blitz::MeshView, blitz::Settings const&, std::function<blitz::Lod (blitz::MeshView, blitz::ReduceSettings const&)> const&, blitz::detail::GenerationHooks const*) [0x1310b0] in blitz
=========         Host Frame: blitz::generate_neural(blitz::MeshView, blitz::Settings const&, blitz::NeuralModel const&, blitz::NeuralStats*) [0x143f93] in blitz
=========         Host Frame: benchmark_main(int, char**) [0x72281] in blitz
=========         Host Frame: main [0x2fe6d] in blitz
=========
========= Program hit cudaErrorMemoryAllocation (error 2) due to "out of memory" on CUDA API call to cudaMalloc.
=========     Saved host backtrace up to driver entry point at error
=========         Host Frame: blitz::neural::gpu::Device::acquire(unsigned long) [0x150e22] in blitz
=========         Host Frame: blitz::neural::(anonymous namespace)::measure(blitz::neural::gpu::Device&, blitz::neural::DeviceMeshView, blitz::neural::DeviceMeshView, blitz::Bounds const&, blitz::Camera const&, blitz::EvalSettings const&, unsigned char, blitz::neural::(anonymous namespace)::RasterMemo&, blitz::neural::(anonymous namespace)::RasterMemo&, blitz::neural::(anonymous namespace)::RasterMemo&, unsigned int, blitz::NeuralStats*) [0x155540] in blitz
=========         Host Frame: blitz::neural::AuditCuda::Impl::run(blitz::neural::DeviceMeshView, blitz::neural::DeviceMeshView, blitz::Bounds const&, blitz::EvalSettings const&, blitz::neural::(anonymous namespace)::RasterMemo&, blitz::NeuralStats*, unsigned int&, unsigned char&, double, bool*)::{lambda()#1}::operator()() const [0x1725ba] in blitz
=========         Host Frame: blitz::neural::AuditCuda::evaluate(blitz::MeshView, blitz::neural::DeviceMeshView, blitz::Bounds const&, blitz::EvalSettings const&, blitz::NeuralStats*, double, bool*) [clone .cold] [0x2cd14] in blitz
=========         Host Frame: std::_Function_handler<bool (blitz::neural::DeviceMeshView), blitz::generate_neural(blitz::MeshView, blitz::Settings const&, blitz::NeuralModel const&, blitz::NeuralStats*)::{lambda(blitz::MeshView, blitz::MeshView, blitz::MeshView, blitz::Bounds const&, blitz::ReduceSettings const&, blitz::EvalSettings const&, blitz::EvalSettings const&)#1}::operator()(blitz::MeshView, blitz::MeshView, blitz::MeshView, blitz::Bounds const&, blitz::ReduceSettings const&, blitz::EvalSettings const&, blitz::EvalSettings const&) const::{lambda(blitz::neural::DeviceMeshView)#1}>::_M_invoke(std::_Any_data const&, blitz::neural::DeviceMeshView&&) [0x13f333] in blitz
=========         Host Frame: blitz::neural::GpuActionState::execute(std::array<float, 8ul> const&, unsigned long, unsigned int, blitz::neural::ActionCuda*, blitz::NeuralRanking, unsigned int, unsigned char, std::function<bool (blitz::neural::DeviceMeshView)> const&, blitz::neural::ActionStats*, std::function<bool ()> const&) [0x181476] in blitz
=========         Host Frame: blitz::generate_neural(blitz::MeshView, blitz::Settings const&, blitz::NeuralModel const&, blitz::NeuralStats*)::{lambda(blitz::MeshView, blitz::MeshView, blitz::MeshView, blitz::Bounds const&, blitz::ReduceSettings const&, blitz::EvalSettings const&, blitz::EvalSettings const&)#1}::operator()(blitz::MeshView, blitz::MeshView, blitz::MeshView, blitz::Bounds const&, blitz::ReduceSettings const&, blitz::EvalSettings const&, blitz::EvalSettings const&) const [0x13fb75] in blitz
=========         Host Frame: std::_Function_handler<blitz::Lod (blitz::MeshView, blitz::MeshView, blitz::MeshView, blitz::Bounds const&, blitz::ReduceSettings const&, blitz::EvalSettings const&, blitz::EvalSettings const&), blitz::generate_neural(blitz::MeshView, blitz::Settings const&, blitz::NeuralModel const&, blitz::NeuralStats*)::{lambda(blitz::MeshView, blitz::MeshView, blitz::MeshView, blitz::Bounds const&, blitz::ReduceSettings const&, blitz::EvalSettings const&, blitz::EvalSettings const&)#1}>::_M_invoke(std::_Any_data const&, blitz::MeshView&&, blitz::MeshView&&, blitz::MeshView&&, blitz::Bounds const&, blitz::ReduceSettings const&, blitz::EvalSettings const&, blitz::EvalSettings const&) [0x14048b] in blitz
=========         Host Frame: blitz::detail::generate_with_hooks(blitz::MeshView, blitz::Settings const&, std::function<blitz::Lod (blitz::MeshView, blitz::ReduceSettings const&)> const&, blitz::detail::GenerationHooks const*) [0x1310b0] in blitz
=========         Host Frame: blitz::generate_neural(blitz::MeshView, blitz::Settings const&, blitz::NeuralModel const&, blitz::NeuralStats*) [0x143f93] in blitz
=========         Host Frame: benchmark_main(int, char**) [0x72281] in blitz
=========         Host Frame: main [0x2fe6d] in blitz
=========
========= Program hit cudaErrorMemoryAllocation (error 2) due to "out of memory" on CUDA API call to cudaGetLastError.
=========     Saved host backtrace up to driver entry point at error
=========         Host Frame: cudaError cub::CUB_200802_SM_750::DeviceScan::ExclusiveSum<unsigned int*, unsigned int*, int>(void*, unsigned long&, unsigned int*, unsigned int*, int, CUstream_st*) [0x1846a3] in blitz
=========         Host Frame: blitz::neural::GpuActionState::Impl::build_trial() [0x18617e] in blitz
=========         Host Frame: blitz::neural::GpuActionState::execute(std::array<float, 8ul> const&, unsigned long, unsigned int, blitz::neural::ActionCuda*, blitz::NeuralRanking, unsigned int, unsigned char, std::function<bool (blitz::neural::DeviceMeshView)> const&, blitz::neural::ActionStats*, std::function<bool ()> const&) [0x181287] in blitz
=========         Host Frame: blitz::generate_neural(blitz::MeshView, blitz::Settings const&, blitz::NeuralModel const&, blitz::NeuralStats*)::{lambda(blitz::MeshView, blitz::MeshView, blitz::MeshView, blitz::Bounds const&, blitz::ReduceSettings const&, blitz::EvalSettings const&, blitz::EvalSettings const&)#1}::operator()(blitz::MeshView, blitz::MeshView, blitz::MeshView, blitz::Bounds const&, blitz::ReduceSettings const&, blitz::EvalSettings const&, blitz::EvalSettings const&) const [0x13fb75] in blitz
=========         Host Frame: std::_Function_handler<blitz::Lod (blitz::MeshView, blitz::MeshView, blitz::MeshView, blitz::Bounds const&, blitz::ReduceSettings const&, blitz::EvalSettings const&, blitz::EvalSettings const&), blitz::generate_neural(blitz::MeshView, blitz::Settings const&, blitz::NeuralModel const&, blitz::NeuralStats*)::{lambda(blitz::MeshView, blitz::MeshView, blitz::MeshView, blitz::Bounds const&, blitz::ReduceSettings const&, blitz::EvalSettings const&, blitz::EvalSettings const&)#1}>::_M_invoke(std::_Any_data const&, blitz::MeshView&&, blitz::MeshView&&, blitz::MeshView&&, blitz::Bounds const&, blitz::ReduceSettings const&, blitz::EvalSettings const&, blitz::EvalSettings const&) [0x14048b] in blitz
=========         Host Frame: blitz::detail::generate_with_hooks(blitz::MeshView, blitz::Settings const&, std::function<blitz::Lod (blitz::MeshView, blitz::ReduceSettings const&)> const&, blitz::detail::GenerationHooks const*) [0x1310b0] in blitz
=========         Host Frame: blitz::generate_neural(blitz::MeshView, blitz::Settings const&, blitz::NeuralModel const&, blitz::NeuralStats*) [0x143f93] in blitz
=========         Host Frame: benchmark_main(int, char**) [0x72281] in blitz
=========         Host Frame: main [0x2fe6d] in blitz
=========
1/1 ph_painted_wooden_shelves ratio=1 seconds=2.27452614
{
  "blocked_assets": [],
  "categories": {
    "manufactured": {
      "count": 1,
      "mean_ratio": 1.0
    }
  },
  "complete": true,
  "completed": 1,
  "expected": 1,
  "failed_assets": [
    {
      "failure": "CUDA: invalid device ordinal",
      "id": "ph_painted_wooden_shelves"
    }
  ],
  "fallbacks": 1,
  "run_sha256": "41a8a3b487b1df147bcd16fc8e63de6ad4853c8b717acfbfb612bbaaa71bb8ad",
  "score": null,
  "score_eligible": false,
  "seconds": 2.27452614
}
========= ERROR SUMMARY: 15 errors
