1/2 ph_painted_wooden_shelves ratio=0.9983642311886587 seconds=37.298198194
2/2 ph_moon_rock_02 ratio=0.9980975441023867 seconds=67.075675643
{
  "blocked_assets": [],
  "categories": {
    "manufactured": {
      "count": 1,
      "mean_ratio": 0.9983642311886587
    },
    "rocks": {
      "count": 1,
      "mean_ratio": 0.9980975441023867
    }
  },
  "complete": true,
  "completed": 2,
  "expected": 2,
  "failed_assets": [],
  "fallbacks": 0,
  "run_sha256": "17296cc65dafc1793096a36febb4b0f4aaafb9de28f3101a7f085add1c722a29",
  "score": null,
  "score_eligible": false,
  "seconds": 104.37387383699999
}
