1/2 ph_painted_wooden_shelves ratio=0.995092693565976 seconds=29.532138335
2/2 ph_moon_rock_02 ratio=0.9763057765479073 seconds=554.047827061
{
  "blocked_assets": [],
  "categories": {
    "manufactured": {
      "count": 1,
      "mean_ratio": 0.995092693565976
    },
    "rocks": {
      "count": 1,
      "mean_ratio": 0.9763057765479073
    }
  },
  "complete": true,
  "completed": 2,
  "expected": 2,
  "failed_assets": [],
  "fallbacks": 0,
  "run_sha256": "2ad0e65ba19d9a3e1a40359d7ef48156458a1a6f0d9e37295cd3f974dfbdeda3",
  "score": null,
  "score_eligible": false,
  "seconds": 583.579965396
}
