ph_painted_wooden_shelves LOD5 source=1 adjacent=1
ph_painted_wooden_shelves LOD6 source=1 adjacent=1
ph_painted_wooden_shelves LOD7 source=1 adjacent=1
{
  "passed": true,
  "seconds": 17.874058697
}
ph_painted_wooden_shelves LOD5 source=1 adjacent=1
ph_painted_wooden_shelves LOD6 source=1 adjacent=1
ph_painted_wooden_shelves LOD7 source=1 adjacent=1
{
  "passed": true,
  "seconds": 15.643957018
}
ph_dead_quiver_trunk LOD5 source=1 adjacent=1
ph_dead_quiver_trunk LOD6 source=1 adjacent=1
ph_dead_quiver_trunk LOD7 source=1 adjacent=1
{
  "passed": true,
  "seconds": 14.742090556
}
ph_dead_quiver_trunk LOD5 source=1 adjacent=1
ph_dead_quiver_trunk LOD6 source=1 adjacent=1
ph_dead_quiver_trunk LOD7 source=1 adjacent=1
{
  "passed": true,
  "seconds": 13.507640091
}
