1/8 ph_painted_wooden_shelves ratio=0.5411668484187568 seconds=14.746279521
2/8 ph_metal_stool_02 ratio=0.08785320619368384 seconds=33.495155235
3/8 ph_grass_bermuda_01 ratio=0.512221041445271 seconds=7.774901937
4/8 ph_dead_quiver_trunk ratio=0.02054892487643628 seconds=33.617552171
5/8 ph_moon_rock_02 ratio=0.3052576962988585 seconds=29.071041635
6/8 ph_rock_face_02 ratio=0.4095920990326727 seconds=27.676513171
7/8 si_3d_package_6c69a6bb-55e6-4356-8725-120ff7f8d652 ratio=0.045195681550189215 seconds=27.803517755
8/8 si_3d_package_e7514eea-3f12-490d-a2d0-999f2a1a70f7 ratio=0.07469333333333333 seconds=46.396927323
{
  "categories": {
    "manufactured": {
      "count": 2,
      "mean_ratio": 0.31451002730622035
    },
    "organic": {
      "count": 2,
      "mean_ratio": 0.2663849831608537
    },
    "rocks": {
      "count": 2,
      "mean_ratio": 0.3574248976657656
    },
    "stress": {
      "count": 2,
      "mean_ratio": 0.059944507441761274
    }
  },
  "complete": true,
  "completed": 8,
  "expected": 8,
  "fallbacks": 0,
  "run_sha256": "0dca98cdb8e1fcbbd87368a669bd41b0e3eb6724f59425754d611a15d953e366",
  "score": 75.04338961063497,
  "seconds": 220.581888748
}
1/8 ph_painted_wooden_shelves ratio=0.5411668484187568 seconds=13.556140325
2/8 ph_metal_stool_02 ratio=0.08785320619368384 seconds=28.718044435
3/8 ph_grass_bermuda_01 ratio=0.512221041445271 seconds=6.564567132
4/8 ph_dead_quiver_trunk ratio=0.02054892487643628 seconds=32.590613899
5/8 ph_moon_rock_02 ratio=0.3052576962988585 seconds=26.620899657
6/8 ph_rock_face_02 ratio=0.4095920990326727 seconds=26.122542817
7/8 si_3d_package_6c69a6bb-55e6-4356-8725-120ff7f8d652 ratio=0.045195681550189215 seconds=26.272703217
8/8 si_3d_package_e7514eea-3f12-490d-a2d0-999f2a1a70f7 ratio=0.07469333333333333 seconds=41.48423994
{
  "categories": {
    "manufactured": {
      "count": 2,
      "mean_ratio": 0.31451002730622035
    },
    "organic": {
      "count": 2,
      "mean_ratio": 0.2663849831608537
    },
    "rocks": {
      "count": 2,
      "mean_ratio": 0.3574248976657656
    },
    "stress": {
      "count": 2,
      "mean_ratio": 0.059944507441761274
    }
  },
  "complete": true,
  "completed": 8,
  "expected": 8,
  "fallbacks": 0,
  "run_sha256": "f5d4aded1eba42610370081b1bedd00af81cb54cc2b658fd489041948599346b",
  "score": 75.04338961063497,
  "seconds": 201.92975142199998
}
1/8 ph_painted_wooden_shelves ratio=0.5411668484187568 seconds=7.254544254
2/8 ph_metal_stool_02 ratio=0.08785320619368384 seconds=15.358190851
3/8 ph_grass_bermuda_01 ratio=0.512221041445271 seconds=4.194731365
4/8 ph_dead_quiver_trunk ratio=0.02054892487643628 seconds=19.389898432
5/8 ph_moon_rock_02 ratio=0.3052576962988585 seconds=15.475579283
6/8 ph_rock_face_02 ratio=0.4095920990326727 seconds=14.542817773
7/8 si_3d_package_6c69a6bb-55e6-4356-8725-120ff7f8d652 ratio=0.045195681550189215 seconds=17.959998495
8/8 si_3d_package_e7514eea-3f12-490d-a2d0-999f2a1a70f7 ratio=0.07469333333333333 seconds=27.82885488
{
  "categories": {
    "manufactured": {
      "count": 2,
      "mean_ratio": 0.31451002730622035
    },
    "organic": {
      "count": 2,
      "mean_ratio": 0.2663849831608537
    },
    "rocks": {
      "count": 2,
      "mean_ratio": 0.3574248976657656
    },
    "stress": {
      "count": 2,
      "mean_ratio": 0.059944507441761274
    }
  },
  "complete": true,
  "completed": 8,
  "expected": 8,
  "fallbacks": 0,
  "run_sha256": "af7f9ff587ecfc8bf87c3cf8e92249286a31cadbc5c1d84eda8575ed402f015c",
  "score": 75.04338961063497,
  "seconds": 122.004615333
}
1/8 ph_painted_wooden_shelves ratio=0.5411668484187568 seconds=7.33542588
2/8 ph_metal_stool_02 ratio=0.08785320619368384 seconds=15.538206926
3/8 ph_grass_bermuda_01 ratio=0.512221041445271 seconds=4.252561973
4/8 ph_dead_quiver_trunk ratio=0.02054892487643628 seconds=19.527404353
5/8 ph_moon_rock_02 ratio=0.3052576962988585 seconds=15.58052819
6/8 ph_rock_face_02 ratio=0.4095920990326727 seconds=14.753549502
7/8 si_3d_package_6c69a6bb-55e6-4356-8725-120ff7f8d652 ratio=0.045195681550189215 seconds=18.057688524
8/8 si_3d_package_e7514eea-3f12-490d-a2d0-999f2a1a70f7 ratio=0.07469333333333333 seconds=28.04121059
{
  "categories": {
    "manufactured": {
      "count": 2,
      "mean_ratio": 0.31451002730622035
    },
    "organic": {
      "count": 2,
      "mean_ratio": 0.2663849831608537
    },
    "rocks": {
      "count": 2,
      "mean_ratio": 0.3574248976657656
    },
    "stress": {
      "count": 2,
      "mean_ratio": 0.059944507441761274
    }
  },
  "complete": true,
  "completed": 8,
  "expected": 8,
  "fallbacks": 0,
  "run_sha256": "af7f9ff587ecfc8bf87c3cf8e92249286a31cadbc5c1d84eda8575ed402f015c",
  "score": 75.04338961063497,
  "seconds": 123.08657593800001
}
1/8 ph_painted_wooden_shelves ratio=0.5411668484187568 seconds=13.607291257
2/8 ph_metal_stool_02 ratio=0.08785320619368384 seconds=28.821657378
3/8 ph_grass_bermuda_01 ratio=0.512221041445271 seconds=6.58377101
4/8 ph_dead_quiver_trunk ratio=0.02054892487643628 seconds=32.813202696
5/8 ph_moon_rock_02 ratio=0.3052576962988585 seconds=26.735863546
6/8 ph_rock_face_02 ratio=0.4095920990326727 seconds=26.226847729
7/8 si_3d_package_6c69a6bb-55e6-4356-8725-120ff7f8d652 ratio=0.045195681550189215 seconds=26.339102569
8/8 si_3d_package_e7514eea-3f12-490d-a2d0-999f2a1a70f7 ratio=0.07469333333333333 seconds=41.716051532
{
  "categories": {
    "manufactured": {
      "count": 2,
      "mean_ratio": 0.31451002730622035
    },
    "organic": {
      "count": 2,
      "mean_ratio": 0.2663849831608537
    },
    "rocks": {
      "count": 2,
      "mean_ratio": 0.3574248976657656
    },
    "stress": {
      "count": 2,
      "mean_ratio": 0.059944507441761274
    }
  },
  "complete": true,
  "completed": 8,
  "expected": 8,
  "fallbacks": 0,
  "run_sha256": "f5d4aded1eba42610370081b1bedd00af81cb54cc2b658fd489041948599346b",
  "score": 75.04338961063497,
  "seconds": 202.843787717
}
1/8 ph_painted_wooden_shelves ratio=0.5411668484187568 seconds=13.610291073
2/8 ph_metal_stool_02 ratio=0.08785320619368384 seconds=28.85309592
3/8 ph_grass_bermuda_01 ratio=0.512221041445271 seconds=6.583874937
4/8 ph_dead_quiver_trunk ratio=0.02054892487643628 seconds=32.848465101
5/8 ph_moon_rock_02 ratio=0.3052576962988585 seconds=26.730829924
6/8 ph_rock_face_02 ratio=0.4095920990326727 seconds=26.225960744
7/8 si_3d_package_6c69a6bb-55e6-4356-8725-120ff7f8d652 ratio=0.045195681550189215 seconds=26.44694155
8/8 si_3d_package_e7514eea-3f12-490d-a2d0-999f2a1a70f7 ratio=0.07469333333333333 seconds=41.739709819
{
  "categories": {
    "manufactured": {
      "count": 2,
      "mean_ratio": 0.31451002730622035
    },
    "organic": {
      "count": 2,
      "mean_ratio": 0.2663849831608537
    },
    "rocks": {
      "count": 2,
      "mean_ratio": 0.3574248976657656
    },
    "stress": {
      "count": 2,
      "mean_ratio": 0.059944507441761274
    }
  },
  "complete": true,
  "completed": 8,
  "expected": 8,
  "fallbacks": 0,
  "run_sha256": "f5d4aded1eba42610370081b1bedd00af81cb54cc2b658fd489041948599346b",
  "score": 75.04338961063497,
  "seconds": 203.03916906799998
}
1/8 ph_painted_wooden_shelves ratio=0.5411668484187568 seconds=7.26531728
2/8 ph_metal_stool_02 ratio=0.08785320619368384 seconds=15.391807917
3/8 ph_grass_bermuda_01 ratio=0.512221041445271 seconds=4.210213934
4/8 ph_dead_quiver_trunk ratio=0.02054892487643628 seconds=19.456235312
5/8 ph_moon_rock_02 ratio=0.3052576962988585 seconds=15.508105703
6/8 ph_rock_face_02 ratio=0.4095920990326727 seconds=14.564458204
7/8 si_3d_package_6c69a6bb-55e6-4356-8725-120ff7f8d652 ratio=0.045195681550189215 seconds=18.021798802
8/8 si_3d_package_e7514eea-3f12-490d-a2d0-999f2a1a70f7 ratio=0.07469333333333333 seconds=27.890386747
{
  "categories": {
    "manufactured": {
      "count": 2,
      "mean_ratio": 0.31451002730622035
    },
    "organic": {
      "count": 2,
      "mean_ratio": 0.2663849831608537
    },
    "rocks": {
      "count": 2,
      "mean_ratio": 0.3574248976657656
    },
    "stress": {
      "count": 2,
      "mean_ratio": 0.059944507441761274
    }
  },
  "complete": true,
  "completed": 8,
  "expected": 8,
  "fallbacks": 0,
  "run_sha256": "af7f9ff587ecfc8bf87c3cf8e92249286a31cadbc5c1d84eda8575ed402f015c",
  "score": 75.04338961063497,
  "seconds": 122.30832389900002
}
1/8 ph_painted_wooden_shelves ratio=0.5411668484187568 seconds=7.263817567
2/8 ph_metal_stool_02 ratio=0.08785320619368384 seconds=15.384367781
3/8 ph_grass_bermuda_01 ratio=0.512221041445271 seconds=4.210749443
4/8 ph_dead_quiver_trunk ratio=0.02054892487643628 seconds=19.453397015
5/8 ph_moon_rock_02 ratio=0.3052576962988585 seconds=15.50301981
6/8 ph_rock_face_02 ratio=0.4095920990326727 seconds=14.545693069
7/8 si_3d_package_6c69a6bb-55e6-4356-8725-120ff7f8d652 ratio=0.045195681550189215 seconds=18.001928876
8/8 si_3d_package_e7514eea-3f12-490d-a2d0-999f2a1a70f7 ratio=0.07469333333333333 seconds=27.887320306
{
  "categories": {
    "manufactured": {
      "count": 2,
      "mean_ratio": 0.31451002730622035
    },
    "organic": {
      "count": 2,
      "mean_ratio": 0.2663849831608537
    },
    "rocks": {
      "count": 2,
      "mean_ratio": 0.3574248976657656
    },
    "stress": {
      "count": 2,
      "mean_ratio": 0.059944507441761274
    }
  },
  "complete": true,
  "completed": 8,
  "expected": 8,
  "fallbacks": 0,
  "run_sha256": "af7f9ff587ecfc8bf87c3cf8e92249286a31cadbc5c1d84eda8575ed402f015c",
  "score": 75.04338961063497,
  "seconds": 122.25029386699998
}
1/8 ph_painted_wooden_shelves ratio=0.5411668484187568 seconds=13.551941924
2/8 ph_metal_stool_02 ratio=0.08785320619368384 seconds=28.703430699
3/8 ph_grass_bermuda_01 ratio=0.512221041445271 seconds=6.554139965
4/8 ph_dead_quiver_trunk ratio=0.02054892487643628 seconds=32.636355984
5/8 ph_moon_rock_02 ratio=0.3052576962988585 seconds=26.596093084
6/8 ph_rock_face_02 ratio=0.4095920990326727 seconds=26.072446708
7/8 si_3d_package_6c69a6bb-55e6-4356-8725-120ff7f8d652 ratio=0.045195681550189215 seconds=26.280905199
8/8 si_3d_package_e7514eea-3f12-490d-a2d0-999f2a1a70f7 ratio=0.07469333333333333 seconds=41.471495444
{
  "categories": {
    "manufactured": {
      "count": 2,
      "mean_ratio": 0.31451002730622035
    },
    "organic": {
      "count": 2,
      "mean_ratio": 0.2663849831608537
    },
    "rocks": {
      "count": 2,
      "mean_ratio": 0.3574248976657656
    },
    "stress": {
      "count": 2,
      "mean_ratio": 0.059944507441761274
    }
  },
  "complete": true,
  "completed": 8,
  "expected": 8,
  "fallbacks": 0,
  "run_sha256": "f5d4aded1eba42610370081b1bedd00af81cb54cc2b658fd489041948599346b",
  "score": 75.04338961063497,
  "seconds": 201.86680900699997
}
1/8 ph_painted_wooden_shelves ratio=0.5411668484187568 seconds=14.166503117
2/8 ph_metal_stool_02 ratio=0.08785320619368384 seconds=30.019753119
3/8 ph_grass_bermuda_01 ratio=0.512221041445271 seconds=6.851631377
4/8 ph_dead_quiver_trunk ratio=0.02054892487643628 seconds=34.675159761
5/8 ph_moon_rock_02 ratio=0.3052576962988585 seconds=26.60073155
6/8 ph_rock_face_02 ratio=0.4095920990326727 seconds=26.113301975
7/8 si_3d_package_6c69a6bb-55e6-4356-8725-120ff7f8d652 ratio=0.045195681550189215 seconds=26.220545481
8/8 si_3d_package_e7514eea-3f12-490d-a2d0-999f2a1a70f7 ratio=0.07469333333333333 seconds=41.502185981
{
  "categories": {
    "manufactured": {
      "count": 2,
      "mean_ratio": 0.31451002730622035
    },
    "organic": {
      "count": 2,
      "mean_ratio": 0.2663849831608537
    },
    "rocks": {
      "count": 2,
      "mean_ratio": 0.3574248976657656
    },
    "stress": {
      "count": 2,
      "mean_ratio": 0.059944507441761274
    }
  },
  "complete": true,
  "completed": 8,
  "expected": 8,
  "fallbacks": 0,
  "run_sha256": "f5d4aded1eba42610370081b1bedd00af81cb54cc2b658fd489041948599346b",
  "score": 75.04338961063497,
  "seconds": 206.14981236099996
}
1/8 ph_painted_wooden_shelves ratio=0.5411668484187568 seconds=7.29372372
2/8 ph_metal_stool_02 ratio=0.08785320619368384 seconds=15.640371351
3/8 ph_grass_bermuda_01 ratio=0.512221041445271 seconds=4.397547252
4/8 ph_dead_quiver_trunk ratio=0.02054892487643628 seconds=20.321302931
5/8 ph_moon_rock_02 ratio=0.3052576962988585 seconds=21.425980298
6/8 ph_rock_face_02 ratio=0.4095920990326727 seconds=16.570696178
7/8 si_3d_package_6c69a6bb-55e6-4356-8725-120ff7f8d652 ratio=0.045195681550189215 seconds=18.7683844
8/8 si_3d_package_e7514eea-3f12-490d-a2d0-999f2a1a70f7 ratio=0.07469333333333333 seconds=27.947910501
{
  "categories": {
    "manufactured": {
      "count": 2,
      "mean_ratio": 0.31451002730622035
    },
    "organic": {
      "count": 2,
      "mean_ratio": 0.2663849831608537
    },
    "rocks": {
      "count": 2,
      "mean_ratio": 0.3574248976657656
    },
    "stress": {
      "count": 2,
      "mean_ratio": 0.059944507441761274
    }
  },
  "complete": true,
  "completed": 8,
  "expected": 8,
  "fallbacks": 0,
  "run_sha256": "af7f9ff587ecfc8bf87c3cf8e92249286a31cadbc5c1d84eda8575ed402f015c",
  "score": 75.04338961063497,
  "seconds": 132.365916631
}
{"performance_pass":true,"reduction_fraction":0.4034778342101202,"worst_asset_time_ratio":0.6832211910878458}
