1/8 ph_painted_wooden_shelves ratio=0.5411668484187568 seconds=7.624624823
2/8 ph_metal_stool_02 ratio=0.08785320619368384 seconds=15.742318757
3/8 ph_grass_bermuda_01 ratio=0.512221041445271 seconds=4.282525108
4/8 ph_dead_quiver_trunk ratio=0.02054892487643628 seconds=19.113565848
5/8 ph_moon_rock_02 ratio=0.3052576962988585 seconds=16.04919934
6/8 ph_rock_face_02 ratio=0.4095920990326727 seconds=14.634640529
7/8 si_3d_package_6c69a6bb-55e6-4356-8725-120ff7f8d652 ratio=0.045195681550189215 seconds=18.278120374
8/8 si_3d_package_e7514eea-3f12-490d-a2d0-999f2a1a70f7 ratio=0.07469333333333333 seconds=28.363873128
{
  "categories": {
    "manufactured": {
      "count": 2,
      "mean_ratio": 0.31451002730622035
    },
    "organic": {
      "count": 2,
      "mean_ratio": 0.2663849831608537
    },
    "rocks": {
      "count": 2,
      "mean_ratio": 0.3574248976657656
    },
    "stress": {
      "count": 2,
      "mean_ratio": 0.059944507441761274
    }
  },
  "complete": true,
  "completed": 8,
  "expected": 8,
  "fallbacks": 0,
  "run_sha256": "e25bc61039daa9a1e36baec9959d3c61535b0bedd36c1f8b4ba91a145a27df56",
  "score": 75.04338961063497,
  "seconds": 124.08886790700001
}
