[1/34] Building CXX object CMakeFiles/blitzremesher.dir/src/simplify.cpp.o
[2/34] Building CXX object CMakeFiles/blitzremesher.dir/src/selection.cpp.o
[3/34] Building CXX object CMakeFiles/blitzremesher.dir/src/chain.cpp.o
[4/34] Building CXX object CMakeFiles/blitzremesher.dir/src/components.cpp.o
[5/34] Building CXX object CMakeFiles/blitzremesher.dir/src/c_api.cpp.o
[6/34] Linking CXX static library libblitzremesher.a
[7/34] Building CXX object CMakeFiles/blitz.dir/tools/main.cpp.o
[8/34] Building CXX object CMakeFiles/blitz.dir/tools/benchmark.cpp.o
[9/34] Building CXX object CMakeFiles/blitz_io.dir/src/io.cpp.o
[10/34] Linking CXX static library libblitz_io.a
[11/34] Building CXX object CMakeFiles/blitz-precision-bench.dir/tools/precision_bench.cpp.o
[12/34] Building CXX object CMakeFiles/blitz-probe.dir/tools/probe.cpp.o
[13/34] Building CXX object CMakeFiles/blitz-lod-report.dir/tools/lod_report.cpp.o
[14/34] Building CXX object CMakeFiles/blitz-tail-audit.dir/tools/tail_audit.cpp.o
[15/34] Building CXX object CMakeFiles/blitz-hybrid-tests.dir/tests/hybrid.cpp.o
[16/34] Building CXX object CMakeFiles/blitz-coverage-cache-tests.dir/tests/coverage_cache.cpp.o
[17/34] Building CXX object CMakeFiles/blitz-vegetation-tests.dir/tests/vegetation.cpp.o
[18/34] Building CXX object CMakeFiles/blitz-precision-tests.dir/tests/precision.cpp.o
[19/34] Building CXX object CMakeFiles/blitz-tests.dir/tests/contracts.cpp.o
[20/34] Linking CXX executable blitz
[21/34] Linking CXX executable blitz-microbench
[22/34] Linking CXX executable blitz-precision-bench
[23/34] Linking CXX executable blitz-probe
[24/34] Linking CXX executable blitz-lod-report
[25/34] Linking CXX executable blitz-tail-audit
[26/34] Linking CXX executable blitz-coverage-cache-tests
[27/34] Linking CXX executable blitz-hybrid-tests
[28/34] Linking CXX executable blitz-vegetation-tests
[29/34] Linking CXX executable blitz-tests
[30/34] Linking CXX executable blitz-precision-tests
[31/34] Linking CXX executable blitz-render-cost-tests
[32/34] Linking CXX executable blitz-c-smoke
[33/34] Building CXX object CMakeFiles/blitz-io-tests.dir/tests/io_tests.cpp.o
[34/34] Linking CXX executable blitz-io-tests
