warning: Git tree '/home/kacper/Projects/BlitzRemesher' is dirty
[1/23] Building CXX object CMakeFiles/blitzremesher.dir/src/components.cpp.o
[2/23] Building CXX object CMakeFiles/blitz_eval.dir/src/evaluate.cpp.o
[3/23] Linking CXX static library libblitz_eval.a
[4/23] Building CXX object CMakeFiles/blitzremesher.dir/src/chain.cpp.o
[5/23] Linking CXX static library libblitzremesher.a
[6/23] Building CXX object CMakeFiles/blitz-precision-bench.dir/tools/precision_bench.cpp.o
[7/23] Building CXX object CMakeFiles/blitz-precision-tests.dir/tests/precision.cpp.o
[8/23] Building CXX object CMakeFiles/blitz-coverage-cache-tests.dir/tests/coverage_cache.cpp.o
[9/23] Linking CXX executable blitz-microbench
[10/23] Linking CXX executable blitz
[11/23] Linking CXX executable blitz-precision-bench
[12/23] Linking CXX executable blitz-probe
[13/23] Linking CXX executable blitz-lod-report
[14/23] Linking CXX executable blitz-coverage-cache-tests
[15/23] Linking CXX executable blitz-hybrid-tests
[16/23] Linking CXX executable blitz-vegetation-tests
[17/23] Linking CXX executable blitz-precision-tests
[18/23] Linking CXX executable blitz-tests
[19/23] Linking CXX executable blitz-c-smoke
[20/23] Linking CXX executable blitz-render-cost-tests
[21/23] Linking CXX executable blitz-io-tests
[22/23] Building CXX object CMakeFiles/blitz-tail-audit.dir/tools/tail_audit.cpp.o
[23/23] Linking CXX executable blitz-tail-audit
