1/2 ph_painted_wooden_shelves ratio=0.5411668484187568 seconds=15.084046022
2/2 ph_dead_quiver_trunk ratio=0.02054892487643628 seconds=34.026021548
{
  "categories": {
    "manufactured": {
      "count": 1,
      "mean_ratio": 0.5411668484187568
    },
    "organic": {
      "count": 1,
      "mean_ratio": 0.02054892487643628
    }
  },
  "complete": true,
  "completed": 2,
  "expected": 2,
  "fallbacks": 0,
  "run_sha256": "14b3cd09be12201901c672787e6851013aa13ec1753fdf5b66bca046e11f2144",
  "score": 71.91421133524034,
  "seconds": 49.110067570000005
}
1/2 ph_painted_wooden_shelves ratio=0.5411668484187568 seconds=13.74543821
2/2 ph_dead_quiver_trunk ratio=0.02054892487643628 seconds=32.805713721
{
  "categories": {
    "manufactured": {
      "count": 1,
      "mean_ratio": 0.5411668484187568
    },
    "organic": {
      "count": 1,
      "mean_ratio": 0.02054892487643628
    }
  },
  "complete": true,
  "completed": 2,
  "expected": 2,
  "fallbacks": 0,
  "run_sha256": "559e5f0981d03308c494e5ea229185c6275f1ce32f7ff73a1918b1ab15058eed",
  "score": 71.91421133524034,
  "seconds": 46.55115193099999
}
1/2 ph_painted_wooden_shelves ratio=0.5411668484187568 seconds=7.249788581
2/2 ph_dead_quiver_trunk ratio=0.02054892487643628 seconds=19.387587302
{
  "categories": {
    "manufactured": {
      "count": 1,
      "mean_ratio": 0.5411668484187568
    },
    "organic": {
      "count": 1,
      "mean_ratio": 0.02054892487643628
    }
  },
  "complete": true,
  "completed": 2,
  "expected": 2,
  "fallbacks": 0,
  "run_sha256": "75afb4a657984997c0d7729d58fd4b6c7a6a6964f69d094d941c34a22d8d5448",
  "score": 71.91421133524034,
  "seconds": 26.637375883
}
