warning: Git tree '/home/kacper/Projects/BlitzRemesher-neural' is dirty
Test project /home/kacper/Projects/BlitzRemesher-neural/build/neural
      Start  1: neural-vertex-storage-contracts
 1/29 Test  #1: neural-vertex-storage-contracts ....   Passed    0.06 sec
      Start  2: neural-compact-storage-contracts
 2/29 Test  #2: neural-compact-storage-contracts ...   Passed    0.06 sec
      Start  3: neural-vulkan-contracts
 3/29 Test  #3: neural-vulkan-contracts ............   Passed   27.61 sec
      Start  4: neural-audit-replay-contracts
 4/29 Test  #4: neural-audit-replay-contracts ......   Passed    0.64 sec
      Start  5: neural-pilot-selection-contracts
 5/29 Test  #5: neural-pilot-selection-contracts ...   Passed    0.04 sec
      Start  6: neural-runner-contracts
 6/29 Test  #6: neural-runner-contracts ............   Passed    0.10 sec
      Start  7: neural-cloud-contracts
 7/29 Test  #7: neural-cloud-contracts .............   Passed    0.21 sec
      Start  8: neural-action-runner-contracts
 8/29 Test  #8: neural-action-runner-contracts .....   Passed    1.00 sec
      Start  9: neural-refactor-runner-contracts
 9/29 Test  #9: neural-refactor-runner-contracts ...   Passed    2.27 sec
      Start 10: neural-cli-contracts
10/29 Test #10: neural-cli-contracts ...............   Passed    0.37 sec
      Start 11: neural-contracts
11/29 Test #11: neural-contracts ...................   Passed    0.07 sec
      Start 12: neural-action-contracts
12/29 Test #12: neural-action-contracts ............   Passed    0.07 sec
      Start 13: neural-predicate-contracts
13/29 Test #13: neural-predicate-contracts .........   Passed    0.93 sec
      Start 14: neural-action-gpu-contracts
14/29 Test #14: neural-action-gpu-contracts ........   Passed    2.02 sec
      Start 15: neural-cuda-contracts
15/29 Test #15: neural-cuda-contracts ..............   Passed    2.18 sec
      Start 16: neural-libtorch-cuda-contract
16/29 Test #16: neural-libtorch-cuda-contract ......   Passed    0.63 sec
      Start 17: neural-action-libtorch-contract
17/29 Test #17: neural-action-libtorch-contract ....   Passed    0.78 sec
      Start 18: neural-device-update-contracts
18/29 Test #18: neural-device-update-contracts .....***Failed    0.99 sec
action training: CUDA allocation exceeds available device memory

      Start 19: neural-resident-cycle-contracts
19/29 Test #19: neural-resident-cycle-contracts ....***Failed    1.51 sec
[W930 20:53:53.110421259 CublasHandlePool.cpp:330] Warning: Attempting to run cuBLAS, but there was no current CUDA context! Attempting to set the primary context... (function operator())
{"append_without_capture":true,"backend":"reference","checkpoint_resume_exact":true,"compact":false,"data_bytes":9520,"epilogues":0,"partial_labels":true,"pool":3,"resident_contracts":true,"stable_root":true}
{"append_without_capture":true,"backend":"reference","checkpoint_resume_exact":true,"compact":true,"data_bytes":7674,"epilogues":0,"partial_labels":true,"pool":3,"resident_contracts":true,"stable_root":true}
resident cycle: CUDA allocation exceeds available device memory

      Start 20: neural-checkpoint-cancellation
20/29 Test #20: neural-checkpoint-cancellation .....   Passed    0.62 sec
      Start 21: coverage-cache-contracts
21/29 Test #21: coverage-cache-contracts ...........   Passed    0.53 sec
      Start 22: hybrid-contracts
22/29 Test #22: hybrid-contracts ...................   Passed    0.21 sec
      Start 23: vegetation-contracts
23/29 Test #23: vegetation-contracts ...............   Passed    0.12 sec
      Start 24: contracts
24/29 Test #24: contracts ..........................   Passed    0.24 sec
      Start 25: precision-contracts
25/29 Test #25: precision-contracts ................   Passed    0.10 sec
      Start 26: render-cost-contracts
26/29 Test #26: render-cost-contracts ..............   Passed    0.05 sec
      Start 27: c-abi
27/29 Test #27: c-abi ..............................   Passed    0.05 sec
      Start 28: foliage-contracts
28/29 Test #28: foliage-contracts ..................   Passed    0.07 sec
      Start 29: io-contracts
29/29 Test #29: io-contracts .......................   Passed    0.06 sec

93% tests passed, 2 tests failed out of 29

Total Test time (real) =  43.62 sec

The following tests FAILED:
	 18 - neural-device-update-contracts (Failed)
	 19 - neural-resident-cycle-contracts (Failed)
Errors while running CTest
