✔ cumulative rental cap includes previous spend, storage allowance and reserve (6.929168ms)
✔ additional authorization counts earlier rentals and retries without adding to the old ceiling (0.615572ms)
✔ action health rejects unverified updates and unchanged or nonfinite parameters (0.706109ms)
✔ saved-model evaluation never trains and stops after an incomplete diagnostic (72.804077ms)
✔ cloud continuation stops before training when the preceding LOD is unverified (31.381055ms)
✔ staged continuation refuses training after missing, cancelled or unhealthy baseline rows (287.715692ms)
✔ fresh curriculum is confined to frozen training identities and covers a third category (1.336337ms)
✔ screening fixes one seed and one control without satisfying the full pilot (0.450304ms)
✔ audit health requires every identity, complete rows and clean numerical/resource verdicts (0.265319ms)
✔ a slow complete H200 baseline reaches verified labels, training and bounded screening (470.711499ms)
✔ fresh labels must be confirmed before staged optimizer updates (22.94358ms)
✔ diagnostic training resumes for a second checkpoint and never claims pilot superiority (297.327926ms)
✔ an incomplete matched pilot prevents a second cloud training stage (503.889569ms)
✔ matched pilot requires three seeds, all controls, complete assets and measured advantage (0.438471ms)
✔ endpoint evidence must persist, while two flat audits stop further spending (0.186437ms)
✔ repeatable SSH calls recover transport failures, preserve command failures and stop retrying (1.615345ms)
✔ recovery can shorten a rental to its original cutoff without extending the budget (0.524694ms)
✔ status succeeds with optional state files absent and reports every available record (152.116255ms)
✔ reject wrong GPUs, unknown prices, insufficient VRAM and unavailable storage (1.082885ms)
✔ Pod request is pinned and forwards only the public key (4.93481ms)
✔ actual allocation must satisfy hardware and rate caps (0.386739ms)
✔ remote hardware validation requires a full device and a valid compatible driver (0.469661ms)
✔ each selected profile binds quote, Pod allocation, native architecture and rate cap (0.695875ms)
✔ lost create response is reconciled after restart without a second rental or deadline reset (0.98235ms)
✔ ambiguous provisioning must not be reported as terminated when no response is visible yet (0.28482ms)
✔ deadlines prevent creation; API errors retain storage and retryable termination (0.695911ms)
✔ independent watchdog enforces setup and hard deadlines regardless of controller progress (0.165288ms)
✔ a definitive provisioning rejection cleans up the new empty volume (0.290189ms)
✔ lost volume response is reconciled and cleaned without another volume create (0.267765ms)
✔ REST handles empty deletions, missing resources, errors and cursor pagination (40.355095ms)
✔ expanded selections preserve original assets and accept multiple valid group counts (1.074691ms)
✔ family leakage, copied geometry, wrong splits, changed originals and invalid sources fail (6.672118ms)
Frozen pilot selection contracts passed
✔ tests/neural_pilot.mjs (162.893705ms)
✔ validation and forensic rentals share the current pinned grant and reserve (3.276099ms)
✔ hardware validation consumes the existing grant and includes previous validation rentals (2.486781ms)
✔ new authorization includes historical ledger, future rentals, rate, storage and reserve (0.511125ms)
✔ a complete learning window cannot be silently shortened after validation (0.310282ms)
✔ refresh identities remain training-only and include preceding LOD and 128px conditions (0.391809ms)
✔ model comparison includes all weights but excludes metadata and its checksum (2.525232ms)
✔ learning cycle excludes incomplete labels, carries optimizer state and audits the final model (2892.035356ms)
✔ the requested full window continues past stalled audits and the step cap (0.960397ms)
✔ training gets its requested window after setup within the reserved absolute cutoff (0.33853ms)
✔ scratch never passes an initializer; warm start remains explicit (1.532591ms)
✔ calibration selects useful throughput among restored models with sustained GPU evidence (0.733223ms)
✔ utilization evidence needs measured time and excludes audit activity (0.817856ms)
✔ resource limits identify the asset immediately and retain the unscored summary (0.291988ms)
✔ deadline progress resumes; stagnation stops; a complete audit finishes (0.240734ms)
✔ a processed batch containing bake exceptions cannot pass readiness (0.171881ms)
ℹ tests 48
ℹ suites 0
ℹ pass 48
ℹ fail 0
ℹ cancelled 0
ℹ skipped 0
ℹ todo 0
ℹ duration_ms 3132.870113
