1/2 ph_painted_wooden_shelves ratio=0.9983642311886587 seconds=37.355597799
2/2 ph_moon_rock_02 ratio=0.9980975441023867 seconds=67.686814974
{
  "blocked_assets": [],
  "categories": {
    "manufactured": {
      "count": 1,
      "mean_ratio": 0.9983642311886587
    },
    "rocks": {
      "count": 1,
      "mean_ratio": 0.9980975441023867
    }
  },
  "complete": true,
  "completed": 2,
  "expected": 2,
  "failed_assets": [],
  "fallbacks": 0,
  "run_sha256": "2e777a6c197e1bb61f0e2483208487d28176a9ba6c7afab9271fc86b4da4ab3e",
  "score": null,
  "score_eligible": false,
  "seconds": 105.042412773
}
