1/2 ph_painted_wooden_shelves ratio=0.9956379498364231 seconds=33.510601491
2/2 ph_moon_rock_02 ratio=0.987201660325147 seconds=395.069804682
{
  "blocked_assets": [],
  "categories": {
    "manufactured": {
      "count": 1,
      "mean_ratio": 0.9956379498364231
    },
    "rocks": {
      "count": 1,
      "mean_ratio": 0.987201660325147
    }
  },
  "complete": true,
  "completed": 2,
  "expected": 2,
  "failed_assets": [],
  "fallbacks": 0,
  "run_sha256": "3e02aeb01838ea9d1bf491ffa8176bb33efb5a42d79cb685829b9823c4d6049a",
  "score": null,
  "score_eligible": false,
  "seconds": 428.580406173
}
