1/4 ph_painted_wooden_shelves ratio=1.0 seconds=4.333724437
2/4 ph_metal_stool_02 ratio=1.0 seconds=3.763338449
3/4 ph_grass_bermuda_01 ratio=1.0 seconds=0.978973748
AUDIT RESOURCE DIAGNOSTIC: raster exceeds per-view sample cap
/home/kacper/Projects/BlitzRemesher-neural/build/neural/audit-throw-trace.so(__cxa_throw+0x9d) [0x7ffff7fb620d]
runs/neural/sustained/bin/blitz(+0x29602) [0x55555557d602]
runs/neural/sustained/bin/blitz(+0x12f911) [0x555555683911]
runs/neural/sustained/bin/blitz(+0x131a29) [0x555555685a29]
runs/neural/sustained/bin/blitz(+0x12242b) [0x55555567642b]
runs/neural/sustained/bin/blitz(+0x10f3c1) [0x5555556633c1]
runs/neural/sustained/bin/blitz(+0x116bfd) [0x55555566abfd]
runs/neural/sustained/bin/blitz(+0x12543d) [0x55555567943d]
runs/neural/sustained/bin/blitz(+0x57bf2) [0x5555555abbf2]
runs/neural/sustained/bin/blitz(+0x2ca7c) [0x555555580a7c]
/nix/store/rkiwrqh8g6gs5rws4bf1s3mrdcs15gm9-glibc-2.42-84/lib/libc.so.6(+0x2b285) [0x7fffbe02b285]
/nix/store/rkiwrqh8g6gs5rws4bf1s3mrdcs15gm9-glibc-2.42-84/lib/libc.so.6(__libc_start_main+0x88) [0x7fffbe02b338]
AUDIT RESOURCE DIAGNOSTIC: raster exceeds per-view sample cap
/home/kacper/Projects/BlitzRemesher-neural/build/neural/audit-throw-trace.so(__cxa_throw+0x9d) [0x7ffff7fb620d]
runs/neural/sustained/bin/blitz(+0x29602) [0x55555557d602]
runs/neural/sustained/bin/blitz(+0x12f911) [0x555555683911]
runs/neural/sustained/bin/blitz(+0x131a29) [0x555555685a29]
runs/neural/sustained/bin/blitz(+0x12242b) [0x55555567642b]
runs/neural/sustained/bin/blitz(+0x10f3c1) [0x5555556633c1]
runs/neural/sustained/bin/blitz(+0x116bfd) [0x55555566abfd]
runs/neural/sustained/bin/blitz(+0x12543d) [0x55555567943d]
runs/neural/sustained/bin/blitz(+0x57bf2) [0x5555555abbf2]
runs/neural/sustained/bin/blitz(+0x2ca7c) [0x555555580a7c]
/nix/store/rkiwrqh8g6gs5rws4bf1s3mrdcs15gm9-glibc-2.42-84/lib/libc.so.6(+0x2b285) [0x7fffbe02b285]
/nix/store/rkiwrqh8g6gs5rws4bf1s3mrdcs15gm9-glibc-2.42-84/lib/libc.so.6(__libc_start_main+0x88) [0x7fffbe02b338]
AUDIT RESOURCE DIAGNOSTIC: raster exceeds per-view sample cap
/home/kacper/Projects/BlitzRemesher-neural/build/neural/audit-throw-trace.so(__cxa_throw+0x9d) [0x7ffff7fb620d]
runs/neural/sustained/bin/blitz(+0x29602) [0x55555557d602]
runs/neural/sustained/bin/blitz(+0x12f911) [0x555555683911]
runs/neural/sustained/bin/blitz(+0x131a29) [0x555555685a29]
runs/neural/sustained/bin/blitz(+0x12242b) [0x55555567642b]
runs/neural/sustained/bin/blitz(+0x10f3c1) [0x5555556633c1]
runs/neural/sustained/bin/blitz(+0x116bfd) [0x55555566abfd]
runs/neural/sustained/bin/blitz(+0x12543d) [0x55555567943d]
runs/neural/sustained/bin/blitz(+0x57bf2) [0x5555555abbf2]
runs/neural/sustained/bin/blitz(+0x2ca7c) [0x555555580a7c]
/nix/store/rkiwrqh8g6gs5rws4bf1s3mrdcs15gm9-glibc-2.42-84/lib/libc.so.6(+0x2b285) [0x7fffbe02b285]
/nix/store/rkiwrqh8g6gs5rws4bf1s3mrdcs15gm9-glibc-2.42-84/lib/libc.so.6(__libc_start_main+0x88) [0x7fffbe02b338]
AUDIT RESOURCE DIAGNOSTIC: raster exceeds per-view sample cap
/home/kacper/Projects/BlitzRemesher-neural/build/neural/audit-throw-trace.so(__cxa_throw+0x9d) [0x7ffff7fb620d]
runs/neural/sustained/bin/blitz(+0x29602) [0x55555557d602]
runs/neural/sustained/bin/blitz(+0x12f911) [0x555555683911]
runs/neural/sustained/bin/blitz(+0x131a29) [0x555555685a29]
runs/neural/sustained/bin/blitz(+0x12242b) [0x55555567642b]
runs/neural/sustained/bin/blitz(+0x10f3c1) [0x5555556633c1]
runs/neural/sustained/bin/blitz(+0x116bfd) [0x55555566abfd]
runs/neural/sustained/bin/blitz(+0x12543d) [0x55555567943d]
runs/neural/sustained/bin/blitz(+0x57bf2) [0x5555555abbf2]
runs/neural/sustained/bin/blitz(+0x2ca7c) [0x555555580a7c]
/nix/store/rkiwrqh8g6gs5rws4bf1s3mrdcs15gm9-glibc-2.42-84/lib/libc.so.6(+0x2b285) [0x7fffbe02b285]
/nix/store/rkiwrqh8g6gs5rws4bf1s3mrdcs15gm9-glibc-2.42-84/lib/libc.so.6(__libc_start_main+0x88) [0x7fffbe02b338]
{
  "categories": {
    "manufactured": {
      "count": 2,
      "mean_ratio": 1.0
    },
    "organic": {
      "count": 1,
      "mean_ratio": 1.0
    }
  },
  "complete": false,
  "completed": 3,
  "expected": 4,
  "fallbacks": 3,
  "run_sha256": "a377eaf9c0e85706fa54cef4e0823fb884287185919719aa2f4f79ced6098f84",
  "score": null,
  "seconds": 9.076036634
}
