1/8 ph_painted_wooden_shelves ratio=0.22219193020719738 seconds=1.328350441
2/8 ph_metal_stool_02 ratio=0.07591199370133847 seconds=2.990687429
3/8 ph_grass_bermuda_01 ratio=0.2058600273265523 seconds=1.713861207
4/8 ph_dead_quiver_trunk ratio=0.006396707086438981 seconds=4.148051642
5/8 ph_moon_rock_02 ratio=0.02460221376686268 seconds=2.14803971
6/8 ph_rock_face_02 ratio=0.01337926769165354 seconds=6.970226598
7/8 si_3d_package_6c69a6bb-55e6-4356-8725-120ff7f8d652 ratio=0.7979334444600646 seconds=27.061976441
8/8 si_3d_package_e7514eea-3f12-490d-a2d0-999f2a1a70f7 ratio=0.032857142857142856 seconds=34.623988085
{
  "categories": {
    "manufactured": {
      "count": 2,
      "mean_ratio": 0.14905196195426793
    },
    "organic": {
      "count": 2,
      "mean_ratio": 0.10612836720649563
    },
    "rocks": {
      "count": 2,
      "mean_ratio": 0.01899074072925811
    },
    "stress": {
      "count": 2,
      "mean_ratio": 0.4153952936586037
    }
  },
  "complete": true,
  "completed": 8,
  "expected": 8,
  "fallbacks": 0,
  "run_sha256": "25c288cea44ea74780db7cb896eb489a4d58e3b6ef9d7d5c91df16cd579a5dcf",
  "score": 82.76084091128438,
  "seconds": 80.98518155299999
}
