1/8 ph_painted_wooden_shelves ratio=0.12431842966194111 seconds=1.680120436
2/8 ph_metal_stool_02 ratio=0.04284402064561281 seconds=4.170190363
3/8 ph_grass_bermuda_01 ratio=0.05526036131774708 seconds=1.464360499
4/8 ph_dead_quiver_trunk ratio=0.006428491966371597 seconds=9.524541456
5/8 ph_moon_rock_02 ratio=0.014571082670356278 seconds=2.906178033
6/8 ph_rock_face_02 ratio=0.007112416772161073 seconds=16.619684511
CGAL requires oriented manifold connectivity; no silent repair
7/8 si_3d_package_6c69a6bb-55e6-4356-8725-120ff7f8d652 ratio=1 seconds=0.580453847
8/8 si_3d_package_e7514eea-3f12-490d-a2d0-999f2a1a70f7 ratio=0.010057142857142857 seconds=98.62741695
{
  "categories": {
    "manufactured": {
      "count": 2,
      "mean_ratio": 0.08358122515377696
    },
    "organic": {
      "count": 2,
      "mean_ratio": 0.030844426642059337
    },
    "rocks": {
      "count": 2,
      "mean_ratio": 0.010841749721258676
    },
    "stress": {
      "count": 2,
      "mean_ratio": 0.5050285714285714
    }
  },
  "complete": true,
  "completed": 8,
  "expected": 8,
  "fallbacks": 1,
  "run_sha256": "a3778be37d27e8fad7e241bb4075ff0d67e0ccea7dd227052108e5b41e9052b5",
  "score": 84.24260067635834,
  "seconds": 135.572946095
}
