1/8 ph_painted_wooden_shelves ratio=0.12213740458015267 seconds=1.621658833
2/8 ph_metal_stool_02 ratio=0.042800279940512644 seconds=4.342960604
3/8 ph_grass_bermuda_01 ratio=0.05526036131774708 seconds=1.564422296
4/8 ph_dead_quiver_trunk ratio=0.006428491966371597 seconds=11.061008618
5/8 ph_moon_rock_02 ratio=0.014398132134209617 seconds=3.734233525
6/8 ph_rock_face_02 ratio=0.006880490138286255 seconds=38.183322572
CGAL requires oriented manifold connectivity; no silent repair
7/8 si_3d_package_6c69a6bb-55e6-4356-8725-120ff7f8d652 ratio=1 seconds=1.051085251
8/8 si_3d_package_e7514eea-3f12-490d-a2d0-999f2a1a70f7 ratio=0.010057142857142857 seconds=201.956731892
{
  "categories": {
    "manufactured": {
      "count": 2,
      "mean_ratio": 0.08246884226033266
    },
    "organic": {
      "count": 2,
      "mean_ratio": 0.030844426642059337
    },
    "rocks": {
      "count": 2,
      "mean_ratio": 0.010639311136247935
    },
    "stress": {
      "count": 2,
      "mean_ratio": 0.5050285714285714
    }
  },
  "complete": true,
  "completed": 8,
  "expected": 8,
  "fallbacks": 1,
  "run_sha256": "90ec2cac6f2a9135625c11eea5eaf745c69a1763fc8f03233f6ca4fc37a269f9",
  "score": 84.27547121331972,
  "seconds": 263.515423591
}
