1/8 ph_painted_wooden_shelves ratio=0.22791712104689205 seconds=1.260123443
2/8 ph_metal_stool_02 ratio=0.0855786895284752 seconds=5.605067479
3/8 ph_grass_bermuda_01 ratio=0.14847426749658418 seconds=1.236860425
4/8 ph_dead_quiver_trunk ratio=0.014724345628784387 seconds=12.872321292
5/8 ph_moon_rock_02 ratio=0.015695261155309583 seconds=3.607799237
6/8 ph_rock_face_02 ratio=0.007407156869376987 seconds=23.311485565
CGAL requires oriented manifold connectivity; no silent repair
7/8 si_3d_package_6c69a6bb-55e6-4356-8725-120ff7f8d652 ratio=1 seconds=0.576541038
8/8 si_3d_package_e7514eea-3f12-490d-a2d0-999f2a1a70f7 ratio=0.015073333333333333 seconds=131.993976766
{
  "categories": {
    "manufactured": {
      "count": 2,
      "mean_ratio": 0.15674790528768362
    },
    "organic": {
      "count": 2,
      "mean_ratio": 0.08159930656268428
    },
    "rocks": {
      "count": 2,
      "mean_ratio": 0.011551209012343286
    },
    "stress": {
      "count": 2,
      "mean_ratio": 0.5075366666666666
    }
  },
  "complete": true,
  "completed": 8,
  "expected": 8,
  "fallbacks": 1,
  "run_sha256": "a7748ffd74c1af2b1f5fe0765aa993aaea675554ba94ceccc5647e04cb73f5d0",
  "score": 81.06412281176556,
  "seconds": 180.464175245
}
