1/8 ph_painted_wooden_shelves ratio=0.19083969465648856 seconds=1.700391851
2/8 ph_metal_stool_02 ratio=0.07932376869915143 seconds=1.828609308
3/8 ph_grass_bermuda_01 ratio=0.168210110824351 seconds=1.147992114
4/8 ph_dead_quiver_trunk ratio=0.014589259889070769 seconds=2.925905445
5/8 ph_moon_rock_02 ratio=0.01340366655136631 seconds=2.06320762
6/8 ph_rock_face_02 ratio=0.007489297552207652 seconds=4.415472778
7/8 si_3d_package_6c69a6bb-55e6-4356-8725-120ff7f8d652 ratio=1.0 seconds=40.345490428
8/8 si_3d_package_e7514eea-3f12-490d-a2d0-999f2a1a70f7 ratio=0.03808 seconds=19.199403198
{
  "categories": {
    "manufactured": {
      "count": 2,
      "mean_ratio": 0.13508173167782
    },
    "organic": {
      "count": 2,
      "mean_ratio": 0.09139968535671089
    },
    "rocks": {
      "count": 2,
      "mean_ratio": 0.010446482051786981
    },
    "stress": {
      "count": 2,
      "mean_ratio": 0.51904
    }
  },
  "complete": true,
  "completed": 8,
  "expected": 8,
  "fallbacks": 1,
  "run_sha256": "4fe46a5795a06294fafff0dc9458c1d047864496ced6d4bd492bde8a4f1a6c7b",
  "score": 81.10080252284206,
  "seconds": 73.626472742
}
