warning: Git tree '/home/kacper/Projects/BlitzRemesher' is dirty
-- The C compiler identification is Clang 21.1.8
-- The CXX compiler identification is Clang 21.1.8
-- Detecting C compiler ABI info
-- Detecting C compiler ABI info - done
-- Check for working C compiler: /nix/store/5ivvhzl37ci5sfdmyxc62s0yq56gs0gf-clang-wrapper-21.1.8/bin/clang - skipped
-- Detecting C compile features
-- Detecting C compile features - done
-- Detecting CXX compiler ABI info
-- Detecting CXX compiler ABI info - done
-- Check for working CXX compiler: /nix/store/5ivvhzl37ci5sfdmyxc62s0yq56gs0gf-clang-wrapper-21.1.8/bin/clang++ - skipped
-- Detecting CXX compile features
-- Detecting CXX compile features - done
-- Configuring done (1.6s)
-- Generating done (0.0s)
-- Build files have been written to: /home/kacper/Projects/BlitzRemesher/build/precision-production-shared
[1/18] Building CXX object CMakeFiles/blitz_eval.dir/src/evaluate.cpp.o
[2/18] Building CXX object CMakeFiles/blitz_eval.dir/src/render_cost.cpp.o
[3/18] Linking CXX shared library libblitz_eval.so.0.2.0
[4/18] Creating library symlink libblitz_eval.so.2 libblitz_eval.so
[5/18] Building CXX object CMakeFiles/blitzremesher.dir/src/mesh.cpp.o
[6/18] Building CXX object CMakeFiles/blitzremesher.dir/src/simplify.cpp.o
[7/18] Building CXX object CMakeFiles/blitzremesher.dir/src/chain.cpp.o
[8/18] Building CXX object CMakeFiles/blitzremesher.dir/src/c_api.cpp.o
[9/18] Linking CXX shared library libblitzremesher.so.0.2.0
[10/18] Creating library symlink libblitzremesher.so.2 libblitzremesher.so
[11/18] Building CXX object CMakeFiles/blitz-tests.dir/tests/contracts.cpp.o
[12/18] Building CXX object CMakeFiles/blitz-precision-tests.dir/tests/precision.cpp.o
[13/18] Building CXX object CMakeFiles/blitz-render-cost-tests.dir/tests/render_cost.cpp.o
[14/18] Building C object CMakeFiles/blitz-c-smoke.dir/tests/c_smoke.c.o
[15/18] Linking CXX executable blitz-tests
[16/18] Linking CXX executable blitz-precision-tests
[17/18] Linking CXX executable blitz-render-cost-tests
[18/18] Linking CXX executable blitz-c-smoke
Test project /home/kacper/Projects/BlitzRemesher/build/precision-production-shared
    Start 1: contracts
1/4 Test #1: contracts ........................   Passed    0.18 sec
    Start 2: precision-contracts
2/4 Test #2: precision-contracts ..............   Passed    0.04 sec
    Start 3: render-cost-contracts
3/4 Test #3: render-cost-contracts ............   Passed    0.00 sec
    Start 4: c-abi
4/4 Test #4: c-abi ............................   Passed    0.00 sec

100% tests passed, 0 tests failed out of 4

Total Test time (real) =   0.23 sec
-- Install configuration: "Release"
-- Installing: /home/kacper/Projects/BlitzRemesher/build/precision-production-install/lib64/libblitzremesher.so.0.2.0
-- Installing: /home/kacper/Projects/BlitzRemesher/build/precision-production-install/lib64/libblitzremesher.so.2
-- Set non-toolchain portion of runtime path of "/home/kacper/Projects/BlitzRemesher/build/precision-production-install/lib64/libblitzremesher.so.0.2.0" to ""
-- Installing: /home/kacper/Projects/BlitzRemesher/build/precision-production-install/lib64/libblitzremesher.so
-- Installing: /home/kacper/Projects/BlitzRemesher/build/precision-production-install/lib64/libblitz_eval.so.0.2.0
-- Installing: /home/kacper/Projects/BlitzRemesher/build/precision-production-install/lib64/libblitz_eval.so.2
-- Installing: /home/kacper/Projects/BlitzRemesher/build/precision-production-install/lib64/libblitz_eval.so
-- Installing: /home/kacper/Projects/BlitzRemesher/build/precision-production-install/include/blitz/blitz.h
-- Installing: /home/kacper/Projects/BlitzRemesher/build/precision-production-install/include/blitz/mesh.hpp
-- Installing: /home/kacper/Projects/BlitzRemesher/build/precision-production-install/include/blitz/evaluate.hpp
-- Installing: /home/kacper/Projects/BlitzRemesher/build/precision-production-install/include/blitz/render_cost.hpp
-- Installing: /home/kacper/Projects/BlitzRemesher/build/precision-production-install/include/blitz/remesher.hpp
-- Installing: /home/kacper/Projects/BlitzRemesher/build/precision-production-install/lib64/cmake/BlitzRemesher/BlitzRemesherTargets.cmake
-- Installing: /home/kacper/Projects/BlitzRemesher/build/precision-production-install/lib64/cmake/BlitzRemesher/BlitzRemesherTargets-release.cmake
-- Installing: /home/kacper/Projects/BlitzRemesher/build/precision-production-install/lib64/cmake/BlitzRemesher/BlitzRemesherConfig.cmake
-- Installing: /home/kacper/Projects/BlitzRemesher/build/precision-production-install/lib64/cmake/BlitzRemesher/BlitzRemesherConfigVersion.cmake
-- The C compiler identification is Clang 21.1.8
-- The CXX compiler identification is Clang 21.1.8
-- Detecting C compiler ABI info
-- Detecting C compiler ABI info - done
-- Check for working C compiler: /nix/store/5ivvhzl37ci5sfdmyxc62s0yq56gs0gf-clang-wrapper-21.1.8/bin/clang - skipped
-- Detecting C compile features
-- Detecting C compile features - done
-- Detecting CXX compiler ABI info
-- Detecting CXX compiler ABI info - done
-- Check for working CXX compiler: /nix/store/5ivvhzl37ci5sfdmyxc62s0yq56gs0gf-clang-wrapper-21.1.8/bin/clang++ - skipped
-- Detecting CXX compile features
-- Detecting CXX compile features - done
-- Configuring done (1.8s)
-- Generating done (0.0s)
-- Build files have been written to: /home/kacper/Projects/BlitzRemesher/build/precision-production-consumer
[1/4] Building C object CMakeFiles/consumer.dir/home/kacper/Projects/BlitzRemesher/tests/c_smoke.c.o
[2/4] Building CXX object CMakeFiles/cpp-consumer.dir/main.cpp.o
[3/4] Linking C executable consumer
[4/4] Linking CXX executable cpp-consumer
