Test project /home/kacper/Projects/BlitzRemesher-neural/build/sanitize
      Start  5: coverage-cache-contracts
      Start  8: contracts
 1/13 Test  #8: contracts ..........................   Passed    0.81 sec
      Start  6: hybrid-contracts
 2/13 Test  #6: hybrid-contracts ...................   Passed    0.71 sec
      Start  7: vegetation-contracts
 3/13 Test  #7: vegetation-contracts ...............   Passed    0.37 sec
      Start 13: io-contracts
 4/13 Test #13: io-contracts .......................   Passed    0.09 sec
      Start  9: precision-contracts
 5/13 Test  #9: precision-contracts ................   Passed    0.19 sec
      Start  4: neural-action-contracts
 6/13 Test  #4: neural-action-contracts ............   Passed    0.14 sec
      Start 12: foliage-contracts
 7/13 Test #12: foliage-contracts ..................   Passed    0.06 sec
      Start  2: neural-compact-storage-contracts
 8/13 Test  #2: neural-compact-storage-contracts ...   Passed    0.02 sec
      Start  1: neural-vertex-storage-contracts
 9/13 Test  #1: neural-vertex-storage-contracts ....   Passed    0.01 sec
      Start  3: neural-contracts
10/13 Test  #3: neural-contracts ...................   Passed    0.03 sec
      Start 11: c-abi
11/13 Test #11: c-abi ..............................   Passed    0.02 sec
      Start 10: render-cost-contracts
12/13 Test #10: render-cost-contracts ..............   Passed    0.01 sec
13/13 Test  #5: coverage-cache-contracts ...........   Passed    2.63 sec

100% tests passed, 0 tests failed out of 13

Total Test time (real) =   2.63 sec
