1/8 ph_painted_wooden_shelves ratio=0.5411668484187568 seconds=14.746279521
2/8 ph_metal_stool_02 ratio=0.08785320619368384 seconds=33.495155235
3/8 ph_grass_bermuda_01 ratio=0.512221041445271 seconds=7.774901937
4/8 ph_dead_quiver_trunk ratio=0.02054892487643628 seconds=33.617552171
5/8 ph_moon_rock_02 ratio=0.3052576962988585 seconds=29.071041635
6/8 ph_rock_face_02 ratio=0.4095920990326727 seconds=27.676513171
7/8 si_3d_package_6c69a6bb-55e6-4356-8725-120ff7f8d652 ratio=0.045195681550189215 seconds=27.803517755
8/8 si_3d_package_e7514eea-3f12-490d-a2d0-999f2a1a70f7 ratio=0.07469333333333333 seconds=46.396927323
{
  "categories": {
    "manufactured": {
      "count": 2,
      "mean_ratio": 0.31451002730622035
    },
    "organic": {
      "count": 2,
      "mean_ratio": 0.2663849831608537
    },
    "rocks": {
      "count": 2,
      "mean_ratio": 0.3574248976657656
    },
    "stress": {
      "count": 2,
      "mean_ratio": 0.059944507441761274
    }
  },
  "complete": true,
  "completed": 8,
  "expected": 8,
  "fallbacks": 0,
  "run_sha256": "0dca98cdb8e1fcbbd87368a669bd41b0e3eb6724f59425754d611a15d953e366",
  "score": 75.04338961063497,
  "seconds": 220.581888748
}
1/8 ph_painted_wooden_shelves ratio=0.5411668484187568 seconds=14.460641845
2/8 ph_metal_stool_02 ratio=0.08785320619368384 seconds=29.936123287
3/8 ph_grass_bermuda_01 ratio=0.512221041445271 seconds=6.768189009
4/8 ph_dead_quiver_trunk ratio=0.02054892487643628 seconds=33.025916619
5/8 ph_moon_rock_02 ratio=0.3052576962988585 seconds=28.259771355
6/8 ph_rock_face_02 ratio=0.4095920990326727 seconds=27.21242625
7/8 si_3d_package_6c69a6bb-55e6-4356-8725-120ff7f8d652 ratio=0.045195681550189215 seconds=27.370433414
8/8 si_3d_package_e7514eea-3f12-490d-a2d0-999f2a1a70f7 ratio=0.07469333333333333 seconds=43.411945481
{
  "categories": {
    "manufactured": {
      "count": 2,
      "mean_ratio": 0.31451002730622035
    },
    "organic": {
      "count": 2,
      "mean_ratio": 0.2663849831608537
    },
    "rocks": {
      "count": 2,
      "mean_ratio": 0.3574248976657656
    },
    "stress": {
      "count": 2,
      "mean_ratio": 0.059944507441761274
    }
  },
  "complete": true,
  "completed": 8,
  "expected": 8,
  "fallbacks": 0,
  "run_sha256": "f8506f53d86867420ccb8cf8011887277333a345d9be709cdf9cc601c2ac597a",
  "score": 75.04338961063497,
  "seconds": 210.44544725999998
}
1/8 ph_painted_wooden_shelves ratio=0.5411668484187568 seconds=7.70793721
2/8 ph_metal_stool_02 ratio=0.08785320619368384 seconds=15.942667718
3/8 ph_grass_bermuda_01 ratio=0.512221041445271 seconds=4.312438167
4/8 ph_dead_quiver_trunk ratio=0.02054892487643628 seconds=19.531829002
5/8 ph_moon_rock_02 ratio=0.3052576962988585 seconds=16.328077856
6/8 ph_rock_face_02 ratio=0.4095920990326727 seconds=15.27861212
7/8 si_3d_package_6c69a6bb-55e6-4356-8725-120ff7f8d652 ratio=0.045195681550189215 seconds=18.620631877
8/8 si_3d_package_e7514eea-3f12-490d-a2d0-999f2a1a70f7 ratio=0.07469333333333333 seconds=28.687314931
{
  "categories": {
    "manufactured": {
      "count": 2,
      "mean_ratio": 0.31451002730622035
    },
    "organic": {
      "count": 2,
      "mean_ratio": 0.2663849831608537
    },
    "rocks": {
      "count": 2,
      "mean_ratio": 0.3574248976657656
    },
    "stress": {
      "count": 2,
      "mean_ratio": 0.059944507441761274
    }
  },
  "complete": true,
  "completed": 8,
  "expected": 8,
  "fallbacks": 0,
  "run_sha256": "5b2bb90ad72ac7c3d1b0cd39f2bbe6110ab901f7b24938cb54d2d9665857bea0",
  "score": 75.04338961063497,
  "seconds": 126.409508881
}
1/8 ph_painted_wooden_shelves ratio=0.5411668484187568 seconds=7.631895881
2/8 ph_metal_stool_02 ratio=0.08785320619368384 seconds=15.758633738
3/8 ph_grass_bermuda_01 ratio=0.512221041445271 seconds=4.305349244
4/8 ph_dead_quiver_trunk ratio=0.02054892487643628 seconds=20.077336834
5/8 ph_moon_rock_02 ratio=0.3052576962988585 seconds=17.083030083
6/8 ph_rock_face_02 ratio=0.4095920990326727 seconds=15.628527452
7/8 si_3d_package_6c69a6bb-55e6-4356-8725-120ff7f8d652 ratio=0.045195681550189215 seconds=19.139197163
8/8 si_3d_package_e7514eea-3f12-490d-a2d0-999f2a1a70f7 ratio=0.07469333333333333 seconds=29.761382256
{
  "categories": {
    "manufactured": {
      "count": 2,
      "mean_ratio": 0.31451002730622035
    },
    "organic": {
      "count": 2,
      "mean_ratio": 0.2663849831608537
    },
    "rocks": {
      "count": 2,
      "mean_ratio": 0.3574248976657656
    },
    "stress": {
      "count": 2,
      "mean_ratio": 0.059944507441761274
    }
  },
  "complete": true,
  "completed": 8,
  "expected": 8,
  "fallbacks": 0,
  "run_sha256": "5b2bb90ad72ac7c3d1b0cd39f2bbe6110ab901f7b24938cb54d2d9665857bea0",
  "score": 75.04338961063497,
  "seconds": 129.38535265099998
}
1/8 ph_painted_wooden_shelves ratio=0.5411668484187568 seconds=14.668749307
2/8 ph_metal_stool_02 ratio=0.08785320619368384 seconds=30.449392884
3/8 ph_grass_bermuda_01 ratio=0.512221041445271 seconds=6.887196543
4/8 ph_dead_quiver_trunk ratio=0.02054892487643628 seconds=33.470052638
5/8 ph_moon_rock_02 ratio=0.3052576962988585 seconds=28.170418057
6/8 ph_rock_face_02 ratio=0.4095920990326727 seconds=26.877058494
7/8 si_3d_package_6c69a6bb-55e6-4356-8725-120ff7f8d652 ratio=0.045195681550189215 seconds=27.761585806
8/8 si_3d_package_e7514eea-3f12-490d-a2d0-999f2a1a70f7 ratio=0.07469333333333333 seconds=44.253391468
{
  "categories": {
    "manufactured": {
      "count": 2,
      "mean_ratio": 0.31451002730622035
    },
    "organic": {
      "count": 2,
      "mean_ratio": 0.2663849831608537
    },
    "rocks": {
      "count": 2,
      "mean_ratio": 0.3574248976657656
    },
    "stress": {
      "count": 2,
      "mean_ratio": 0.059944507441761274
    }
  },
  "complete": true,
  "completed": 8,
  "expected": 8,
  "fallbacks": 0,
  "run_sha256": "f8506f53d86867420ccb8cf8011887277333a345d9be709cdf9cc601c2ac597a",
  "score": 75.04338961063497,
  "seconds": 212.537845197
}
1/8 ph_painted_wooden_shelves ratio=0.5411668484187568 seconds=14.363474115
2/8 ph_metal_stool_02 ratio=0.08785320619368384 seconds=29.973738065
3/8 ph_grass_bermuda_01 ratio=0.512221041445271 seconds=6.80711857
4/8 ph_dead_quiver_trunk ratio=0.02054892487643628 seconds=33.060201566
5/8 ph_moon_rock_02 ratio=0.3052576962988585 seconds=28.230313392
6/8 ph_rock_face_02 ratio=0.4095920990326727 seconds=26.840299387
7/8 si_3d_package_6c69a6bb-55e6-4356-8725-120ff7f8d652 ratio=0.045195681550189215 seconds=27.356016682
8/8 si_3d_package_e7514eea-3f12-490d-a2d0-999f2a1a70f7 ratio=0.07469333333333333 seconds=43.805677643
{
  "categories": {
    "manufactured": {
      "count": 2,
      "mean_ratio": 0.31451002730622035
    },
    "organic": {
      "count": 2,
      "mean_ratio": 0.2663849831608537
    },
    "rocks": {
      "count": 2,
      "mean_ratio": 0.3574248976657656
    },
    "stress": {
      "count": 2,
      "mean_ratio": 0.059944507441761274
    }
  },
  "complete": true,
  "completed": 8,
  "expected": 8,
  "fallbacks": 0,
  "run_sha256": "f8506f53d86867420ccb8cf8011887277333a345d9be709cdf9cc601c2ac597a",
  "score": 75.04338961063497,
  "seconds": 210.43683942
}
