1/2 ph_painted_wooden_shelves ratio=0.5411668484187568 seconds=15.084046022
2/2 ph_dead_quiver_trunk ratio=0.02054892487643628 seconds=34.026021548
{
  "categories": {
    "manufactured": {
      "count": 1,
      "mean_ratio": 0.5411668484187568
    },
    "organic": {
      "count": 1,
      "mean_ratio": 0.02054892487643628
    }
  },
  "complete": true,
  "completed": 2,
  "expected": 2,
  "fallbacks": 0,
  "run_sha256": "14b3cd09be12201901c672787e6851013aa13ec1753fdf5b66bca046e11f2144",
  "score": 71.91421133524034,
  "seconds": 49.110067570000005
}
1/2 ph_painted_wooden_shelves ratio=0.5411668484187568 seconds=14.870071854
2/2 ph_dead_quiver_trunk ratio=0.02054892487643628 seconds=34.285752135
{
  "categories": {
    "manufactured": {
      "count": 1,
      "mean_ratio": 0.5411668484187568
    },
    "organic": {
      "count": 1,
      "mean_ratio": 0.02054892487643628
    }
  },
  "complete": true,
  "completed": 2,
  "expected": 2,
  "fallbacks": 0,
  "run_sha256": "b57574c730adb095897fde6d38a07d56a537b0def1d5b0a86a1907817b31a51a",
  "score": 71.91421133524034,
  "seconds": 49.155823989000005
}
1/2 ph_painted_wooden_shelves ratio=0.5411668484187568 seconds=7.937034361
2/2 ph_dead_quiver_trunk ratio=0.02054892487643628 seconds=19.578785363
{
  "categories": {
    "manufactured": {
      "count": 1,
      "mean_ratio": 0.5411668484187568
    },
    "organic": {
      "count": 1,
      "mean_ratio": 0.02054892487643628
    }
  },
  "complete": true,
  "completed": 2,
  "expected": 2,
  "fallbacks": 0,
  "run_sha256": "ed2f14d1e4af31f533cd6c39372ee30dac6af463cc4aad6f365f10c80703cff6",
  "score": 71.91421133524034,
  "seconds": 27.515819724000004
}
