========= COMPUTE-SANITIZER
draw domains begin
domain draw 1
domain draw 2
domain draw 3
domain draw 4
domain draw 5
domain draw 6
domain draw 7
domain draw 8
domain draw 9
domain draw 10
domain draw 11
domain draw 12
domain draw 13
domain draw 14
draw domains passed
packed seeds begin
packed seeds passed
serial candidates begin
serial candidates passed
concurrent candidates begin
concurrent candidates passed
mask buffers begin
mask buffers passed
Vulkan mask, candidate boundaries and concurrent ownership memory contracts passed
========= ERROR SUMMARY: 0 errors
